Archive member included because of file (symbol)

C:\Users\Jimbles\AppData\Local\arduino15\packages\arduino\hardware\sam\1.6.11\variants\arduino_due_x/libsam_sam3x8e_gcc_rel.a(pio.o)
                              C:\Users\Jimbles\AppData\Local\Temp\VMBuilds\WaveformGeneratorDDS\arduino_due_x_dbg\Release\variant\variant.cpp.o (PIO_Configure)
C:\Users\Jimbles\AppData\Local\arduino15\packages\arduino\hardware\sam\1.6.11\variants\arduino_due_x/libsam_sam3x8e_gcc_rel.a(pmc.o)
                              C:\Users\Jimbles\AppData\Local\Temp\VMBuilds\WaveformGeneratorDDS\arduino_due_x_dbg\Release\WaveformGeneratorDDS.cpp.o (pmc_enable_periph_clk)
C:\Users\Jimbles\AppData\Local\arduino15\packages\arduino\hardware\sam\1.6.11\variants\arduino_due_x/libsam_sam3x8e_gcc_rel.a(tc.o)
                              C:\Users\Jimbles\AppData\Local\Temp\VMBuilds\WaveformGeneratorDDS\arduino_due_x_dbg\Release\WaveformGeneratorDDS.cpp.o (TC_Configure)
C:\Users\Jimbles\AppData\Local\arduino15\packages\arduino\hardware\sam\1.6.11\variants\arduino_due_x/libsam_sam3x8e_gcc_rel.a(system_sam3xa.o)
                              C:\Users\Jimbles\AppData\Local\Temp\VMBuilds\WaveformGeneratorDDS\arduino_due_x_dbg\Release\variant\variant.cpp.o (SystemInit)
C:\Users\Jimbles\AppData\Local\arduino15\packages\arduino\hardware\sam\1.6.11\variants\arduino_due_x/libsam_sam3x8e_gcc_rel.a(startup_sam3xa.o)
                              (Reset_Handler)
C:\Users\Jimbles\AppData\Local\arduino15\packages\arduino\hardware\sam\1.6.11\variants\arduino_due_x/libsam_sam3x8e_gcc_rel.a(adc.o)
                              C:\Users\Jimbles\AppData\Local\Temp\VMBuilds\WaveformGeneratorDDS\arduino_due_x_dbg\Release\variant\variant.cpp.o (adc_init)
C:\Users\Jimbles\AppData\Local\arduino15\packages\arduino\hardware\sam\1.6.11\variants\arduino_due_x/libsam_sam3x8e_gcc_rel.a(uotghs.o)
                              C:\Users\Jimbles\AppData\Local\arduino15\packages\arduino\hardware\sam\1.6.11\variants\arduino_due_x/libsam_sam3x8e_gcc_rel.a(startup_sam3xa.o) (UOTGHS_Handler)
C:\Users\Jimbles\AppData\Local\arduino15\packages\arduino\hardware\sam\1.6.11\variants\arduino_due_x/libsam_sam3x8e_gcc_rel.a(dacc.o)
                              C:\Users\Jimbles\AppData\Local\Temp\VMBuilds\WaveformGeneratorDDS\arduino_due_x_dbg\Release\WaveformGeneratorDDS.cpp.o (dacc_write_conversion_data)
C:\Users\Jimbles\AppData\Local\Temp\VMBuilds\WaveformGeneratorDDS\arduino_due_x_dbg\Release/core.a(cortex_handlers.c.o)
                              C:\Users\Jimbles\AppData\Local\arduino15\packages\arduino\hardware\sam\1.6.11\variants\arduino_due_x/libsam_sam3x8e_gcc_rel.a(startup_sam3xa.o) (NMI_Handler)
C:\Users\Jimbles\AppData\Local\Temp\VMBuilds\WaveformGeneratorDDS\arduino_due_x_dbg\Release/core.a(hooks.c.o)
                              C:\Users\Jimbles\AppData\Local\Temp\VMBuilds\WaveformGeneratorDDS\arduino_due_x_dbg\Release/core.a(cortex_handlers.c.o) (sysTickHook)
C:\Users\Jimbles\AppData\Local\Temp\VMBuilds\WaveformGeneratorDDS\arduino_due_x_dbg\Release/core.a(syscalls_sam3.c.o)
                              (_sbrk)
C:\Users\Jimbles\AppData\Local\Temp\VMBuilds\WaveformGeneratorDDS\arduino_due_x_dbg\Release/core.a(wiring.c.o)
                              C:\Users\Jimbles\AppData\Local\Temp\VMBuilds\WaveformGeneratorDDS\arduino_due_x_dbg\Release\WaveformGeneratorDDS.cpp.o (delay)
C:\Users\Jimbles\AppData\Local\Temp\VMBuilds\WaveformGeneratorDDS\arduino_due_x_dbg\Release/core.a(wiring_analog.c.o)
                              C:\Users\Jimbles\AppData\Local\Temp\VMBuilds\WaveformGeneratorDDS\arduino_due_x_dbg\Release\variant\variant.cpp.o (analogOutputInit)
C:\Users\Jimbles\AppData\Local\Temp\VMBuilds\WaveformGeneratorDDS\arduino_due_x_dbg\Release/core.a(wiring_digital.c.o)
                              C:\Users\Jimbles\AppData\Local\Temp\VMBuilds\WaveformGeneratorDDS\arduino_due_x_dbg\Release\WaveformGeneratorDDS.cpp.o (pinMode)
C:\Users\Jimbles\AppData\Local\Temp\VMBuilds\WaveformGeneratorDDS\arduino_due_x_dbg\Release/core.a(main.cpp.o)
                              c:/users/jimbles/appdata/local/arduino15/packages/arduino/tools/arm-none-eabi-gcc/4.8.3-2014q1/bin/../lib/gcc/arm-none-eabi/4.8.3/../../../../arm-none-eabi/lib/armv7-m/crt0.o (main)
C:\Users\Jimbles\AppData\Local\Temp\VMBuilds\WaveformGeneratorDDS\arduino_due_x_dbg\Release/core.a(Print.cpp.o)
                              C:\Users\Jimbles\AppData\Local\Temp\VMBuilds\WaveformGeneratorDDS\arduino_due_x_dbg\Release\WaveformGeneratorDDS.cpp.o (Print::println(char const*))
C:\Users\Jimbles\AppData\Local\Temp\VMBuilds\WaveformGeneratorDDS\arduino_due_x_dbg\Release/core.a(Reset.cpp.o)
                              C:\Users\Jimbles\AppData\Local\Temp\VMBuilds\WaveformGeneratorDDS\arduino_due_x_dbg\Release/core.a(cortex_handlers.c.o) (tickReset)
C:\Users\Jimbles\AppData\Local\Temp\VMBuilds\WaveformGeneratorDDS\arduino_due_x_dbg\Release/core.a(RingBuffer.cpp.o)
[...]
Memory Configuration

Name             Origin             Length             Attributes
rom              0x00080000         0x00080000         xr
sram0            0x20000000         0x00010000         xrw
sram1            0x20080000         0x00008000         xrw
ram              0x20070000         0x00018000         xrw
*default*        0x00000000         0xffffffff

Linker script and memory map

LOAD c:/users/jimbles/appdata/local/arduino15/packages/arduino/tools/arm-none-eabi-gcc/4.8.3-2014q1/bin/../lib/gcc/arm-none-eabi/4.8.3/armv7-m/crti.o
LOAD c:/users/jimbles/appdata/local/arduino15/packages/arduino/tools/arm-none-eabi-gcc/4.8.3-2014q1/bin/../lib/gcc/arm-none-eabi/4.8.3/armv7-m/crtbegin.o
LOAD c:/users/jimbles/appdata/local/arduino15/packages/arduino/tools/arm-none-eabi-gcc/4.8.3-2014q1/bin/../lib/gcc/arm-none-eabi/4.8.3/../../../../arm-none-eabi/lib/armv7-m/crt0.o
START GROUP
LOAD C:\Users\Jimbles\AppData\Local\Temp\VMBuilds\WaveformGeneratorDDS\arduino_due_x_dbg\Release\WaveformGeneratorDDS.cpp.o
LOAD C:\Users\Jimbles\AppData\Local\Temp\VMBuilds\WaveformGeneratorDDS\arduino_due_x_dbg\Release\variant\variant.cpp.o
LOAD C:\Users\Jimbles\AppData\Local\arduino15\packages\arduino\hardware\sam\1.6.11\variants\arduino_due_x/libsam_sam3x8e_gcc_rel.a
LOAD C:\Users\Jimbles\AppData\Local\Temp\VMBuilds\WaveformGeneratorDDS\arduino_due_x_dbg\Release/core.a
END GROUP
LOAD c:/users/jimbles/appdata/local/arduino15/packages/arduino/tools/arm-none-eabi-gcc/4.8.3-2014q1/bin/../lib/gcc/arm-none-eabi/4.8.3/../../../../arm-none-eabi/lib/armv7-m\libm.a
START GROUP
LOAD c:/users/jimbles/appdata/local/arduino15/packages/arduino/tools/arm-none-eabi-gcc/4.8.3-2014q1/bin/../lib/gcc/arm-none-eabi/4.8.3/armv7-m\libgcc.a
LOAD c:/users/jimbles/appdata/local/arduino15/packages/arduino/tools/arm-none-eabi-gcc/4.8.3-2014q1/bin/../lib/gcc/arm-none-eabi/4.8.3/../../../../arm-none-eabi/lib/armv7-m\libg.a
LOAD c:/users/jimbles/appdata/local/arduino15/packages/arduino/tools/arm-none-eabi-gcc/4.8.3-2014q1/bin/../lib/gcc/arm-none-eabi/4.8.3/../../../../arm-none-eabi/lib/armv7-m\libc.a
END GROUP
LOAD c:/users/jimbles/appdata/local/arduino15/packages/arduino/tools/arm-none-eabi-gcc/4.8.3-2014q1/bin/../lib/gcc/arm-none-eabi/4.8.3/armv7-m/crtend.o
LOAD c:/users/jimbles/appdata/local/arduino15/packages/arduino/tools/arm-none-eabi-gcc/4.8.3-2014q1/bin/../lib/gcc/arm-none-eabi/4.8.3/armv7-m/crtn.o

.text           0x00080000    0x1e834
                0x00080000                . = ALIGN (0x4)
                0x00080000                _sfixed = .
 *(.vectors .vectors.*)
 .vectors       0x00080000       0xf4 C:\Users\Jimbles\AppData\Local\arduino15\packages\arduino\hardware\sam\1.6.11\variants\arduino_due_x/libsam_sam3x8e_gcc_rel.a(startup_sam3xa.o)
                0x00080000                exception_table
 *(.text .text.* .gnu.linkonce.t.*)
 .text          0x000800f4       0x54 c:/users/jimbles/appdata/local/arduino15/packages/arduino/tools/arm-none-eabi-gcc/4.8.3-2014q1/bin/../lib/gcc/arm-none-eabi/4.8.3/armv7-m/crtbegin.o
 .text.loop     0x00080148        0x2 C:\Users\Jimbles\AppData\Local\Temp\VMBuilds\WaveformGeneratorDDS\arduino_due_x_dbg\Release\WaveformGeneratorDDS.cpp.o
                0x00080148                loop
 *fill*         0x0008014a        0x2 
 .text.TC3_Handler
                0x0008014c       0x60 C:\Users\Jimbles\AppData\Local\Temp\VMBuilds\WaveformGeneratorDDS\arduino_due_x_dbg\Release\WaveformGeneratorDDS.cpp.o
                0x0008014c                TC3_Handler
 .text.startup._GLOBAL__sub_I_iSample
                0x000801ac       0x1c C:\Users\Jimbles\AppData\Local\Temp\VMBuilds\WaveformGeneratorDDS\arduino_due_x_dbg\Release\WaveformGeneratorDDS.cpp.o
 .text.setup    0x000801c8       0x90 C:\Users\Jimbles\AppData\Local\Temp\VMBuilds\WaveformGeneratorDDS\arduino_due_x_dbg\Release\WaveformGeneratorDDS.cpp.o
                0x000801c8                setup
 .text._Z11serialEventv
                0x00080258        0x2 C:\Users\Jimbles\AppData\Local\Temp\VMBuilds\WaveformGeneratorDDS\arduino_due_x_dbg\Release\variant\variant.cpp.o
                0x00080258                serialEvent()
 *fill*         0x0008025a        0x2 
 .text.UART_Handler
                0x0008025c        0xc C:\Users\Jimbles\AppData\Local\Temp\VMBuilds\WaveformGeneratorDDS\arduino_due_x_dbg\Release\variant\variant.cpp.o
                0x0008025c                UART_Handler
 .text._Z12serialEvent1v
                0x00080268        0x2 C:\Users\Jimbles\AppData\Local\Temp\VMBuilds\WaveformGeneratorDDS\arduino_due_x_dbg\Release\variant\variant.cpp.o
                0x00080268                serialEvent1()
 .text._Z12serialEvent2v
                0x0008026a        0x2 C:\Users\Jimbles\AppData\Local\Temp\VMBuilds\WaveformGeneratorDDS\arduino_due_x_dbg\Release\variant\variant.cpp.o
                0x0008026a                serialEvent2()
 .text._Z12serialEvent3v
                0x0008026c        0x2 C:\Users\Jimbles\AppData\Local\Temp\VMBuilds\WaveformGeneratorDDS\arduino_due_x_dbg\Release\variant\variant.cpp.o
                0x0008026c                serialEvent3()
 *fill*         0x0008026e        0x2 
 .text.USART0_Handler
                0x00080270        0xc C:\Users\Jimbles\AppData\Local\Temp\VMBuilds\WaveformGeneratorDDS\arduino_due_x_dbg\Release\variant\variant.cpp.o
                0x00080270                USART0_Handler
 .text.USART1_Handler
                0x0008027c        0xc C:\Users\Jimbles\AppData\Local\Temp\VMBuilds\WaveformGeneratorDDS\arduino_due_x_dbg\Release\variant\variant.cpp.o
                0x0008027c                USART1_Handler
 .text.USART3_Handler
                0x00080288        0xc C:\Users\Jimbles\AppData\Local\Temp\VMBuilds\WaveformGeneratorDDS\arduino_due_x_dbg\Release\variant\variant.cpp.o
                0x00080288                USART3_Handler
 .text.init     0x00080294      0x128 C:\Users\Jimbles\AppData\Local\Temp\VMBuilds\WaveformGeneratorDDS\arduino_due_x_dbg\Release\variant\variant.cpp.o
                0x00080294                init
 .text.startup._GLOBAL__sub_I_g_APinDescription
                0x000803bc       0xd4 C:\Users\Jimbles\AppData\Local\Temp\VMBuilds\WaveformGeneratorDDS\arduino_due_x_dbg\Release\variant\variant.cpp.o
 .text._Z14serialEventRunv
                0x00080490       0x44 C:\Users\Jimbles\AppData\Local\Temp\VMBuilds\WaveformGeneratorDDS\arduino_due_x_dbg\Release\variant\variant.cpp.o
                0x00080490                serialEventRun()
 .text.PIO_PullUp
                0x000804d4        0xa C:\Users\Jimbles\AppData\Local\arduino15\packages\arduino\hardware\sam\1.6.11\variants\arduino_due_x/libsam_sam3x8e_gcc_rel.a(pio.o)
                0x000804d4                PIO_PullUp
 .text.PIO_SetPeripheral
                0x000804de       0x26 C:\Users\Jimbles\AppData\Local\arduino15\packages\arduino\hardware\sam\1.6.11\variants\arduino_due_x/libsam_sam3x8e_gcc_rel.a(pio.o)
                0x000804de                PIO_SetPeripheral
 .text.PIO_SetInput
                0x00080504       0x26 C:\Users\Jimbles\AppData\Local\arduino15\packages\arduino\hardware\sam\1.6.11\variants\arduino_due_x/libsam_sam3x8e_gcc_rel.a(pio.o)
                0x00080504                PIO_SetInput
 .text.PIO_SetOutput
                0x0008052a       0x24 C:\Users\Jimbles\AppData\Local\arduino15\packages\arduino\hardware\sam\1.6.11\variants\arduino_due_x/libsam_sam3x8e_gcc_rel.a(pio.o)
                0x0008052a                PIO_SetOutput
 *fill*         0x0008054e        0x2 
 .text.PIO_Configure
                0x00080550       0x64 C:\Users\Jimbles\AppData\Local\arduino15\packages\arduino\hardware\sam\1.6.11\variants\arduino_due_x/libsam_sam3x8e_gcc_rel.a(pio.o)
                0x00080550                PIO_Configure
 .text.PIO_GetOutputDataStatus
                0x000805b4       0x14 C:\Users\Jimbles\AppData\Local\arduino15\packages\arduino\hardware\sam\1.6.11\variants\arduino_due_x/libsam_sam3x8e_gcc_rel.a(pio.o)
                0x000805b4                PIO_GetOutputDataStatus
 .text.pmc_enable_upll_clock
                0x000805c8       0x14 C:\Users\Jimbles\AppData\Local\arduino15\packages\arduino\hardware\sam\1.6.11\variants\arduino_due_x/libsam_sam3x8e_gcc_rel.a(pmc.o)
                0x000805c8                pmc_enable_upll_clock
 .text.pmc_enable_periph_clk
                0x000805dc       0x44 C:\Users\Jimbles\AppData\Local\arduino15\packages\arduino\hardware\sam\1.6.11\variants\arduino_due_x/libsam_sam3x8e_gcc_rel.a(pmc.o)
                0x000805dc                pmc_enable_periph_clk
 .text.pmc_disable_periph_clk
                0x00080620       0x40 C:\Users\Jimbles\AppData\Local\arduino15\packages\arduino\hardware\sam\1.6.11\variants\arduino_due_x/libsam_sam3x8e_gcc_rel.a(pmc.o)
                0x00080620                pmc_disable_periph_clk
 .text.pmc_switch_udpck_to_upllck
                0x00080660       0x14 C:\Users\Jimbles\AppData\Local\arduino15\packages\arduino\hardware\sam\1.6.11\variants\arduino_due_x/libsam_sam3x8e_gcc_rel.a(pmc.o)
                0x00080660                pmc_switch_udpck_to_upllck
 .text.pmc_enable_udpck
                0x00080674        0xc C:\Users\Jimbles\AppData\Local\arduino15\packages\arduino\hardware\sam\1.6.11\variants\arduino_due_x/libsam_sam3x8e_gcc_rel.a(pmc.o)
                0x00080674                pmc_enable_udpck
 .text.pmc_set_writeprotect
                0x00080680       0x1c C:\Users\Jimbles\AppData\Local\arduino15\packages\arduino\hardware\sam\1.6.11\variants\arduino_due_x/libsam_sam3x8e_gcc_rel.a(pmc.o)
                0x00080680                pmc_set_writeprotect
 .text.TC_Configure
                0x0008069c       0x38 C:\Users\Jimbles\AppData\Local\arduino15\packages\arduino\hardware\sam\1.6.11\variants\arduino_due_x/libsam_sam3x8e_gcc_rel.a(tc.o)
                0x0008069c                TC_Configure
 .text.TC_Start
                0x000806d4       0x2c C:\Users\Jimbles\AppData\Local\arduino15\packages\arduino\hardware\sam\1.6.11\variants\arduino_due_x/libsam_sam3x8e_gcc_rel.a(tc.o)
                0x000806d4                TC_Start
 .text.TC_GetStatus
                0x00080700        0x8 C:\Users\Jimbles\AppData\Local\arduino15\packages\arduino\hardware\sam\1.6.11\variants\arduino_due_x/libsam_sam3x8e_gcc_rel.a(tc.o)
                0x00080700                TC_GetStatus
 .text.TC_SetRA
                0x00080708        0x8 C:\Users\Jimbles\AppData\Local\arduino15\packages\arduino\hardware\sam\1.6.11\variants\arduino_due_x/libsam_sam3x8e_gcc_rel.a(tc.o)
                0x00080708                TC_SetRA
 .text.TC_SetRB
                0x00080710        0x8 C:\Users\Jimbles\AppData\Local\arduino15\packages\arduino\hardware\sam\1.6.11\variants\arduino_due_x/libsam_sam3x8e_gcc_rel.a(tc.o)
                0x00080710                TC_SetRB
 .text.TC_SetRC
                0x00080718        0x8 C:\Users\Jimbles\AppData\Local\arduino15\packages\arduino\hardware\sam\1.6.11\variants\arduino_due_x/libsam_sam3x8e_gcc_rel.a(tc.o)
                0x00080718                TC_SetRC
 .text.SystemInit
                0x00080720       0x88 C:\Users\Jimbles\AppData\Local\arduino15\packages\arduino\hardware\sam\1.6.11\variants\arduino_due_x/libsam_sam3x8e_gcc_rel.a(system_sam3xa.o)
                0x00080720                SystemInit
 .text.Reset_Handler
                0x000807a8       0x78 C:\Users\Jimbles\AppData\Local\arduino15\packages\arduino\hardware\sam\1.6.11\variants\arduino_due_x/libsam_sam3x8e_gcc_rel.a(startup_sam3xa.o)
                0x000807a8                Reset_Handler
 .text.adc_init
                0x00080820       0x98 C:\Users\Jimbles\AppData\Local\arduino15\packages\arduino\hardware\sam\1.6.11\variants\arduino_due_x/libsam_sam3x8e_gcc_rel.a(adc.o)
                0x00080820                adc_init
 .text.adc_configure_trigger
                0x000808b8        0xe C:\Users\Jimbles\AppData\Local\arduino15\packages\arduino\hardware\sam\1.6.11\variants\arduino_due_x/libsam_sam3x8e_gcc_rel.a(adc.o)
                0x000808b8                adc_configure_trigger
 .text.adc_configure_timing
                0x000808c6       0x1a C:\Users\Jimbles\AppData\Local\arduino15\packages\arduino\hardware\sam\1.6.11\variants\arduino_due_x/libsam_sam3x8e_gcc_rel.a(adc.o)
                0x000808c6                adc_configure_timing
 .text.adc_disable_channel
                0x000808e0        0xa C:\Users\Jimbles\AppData\Local\arduino15\packages\arduino\hardware\sam\1.6.11\variants\arduino_due_x/libsam_sam3x8e_gcc_rel.a(adc.o)
                0x000808e0                adc_disable_channel
 .text.adc_disable_all_channel
                0x000808ea        0x8 C:\Users\Jimbles\AppData\Local\arduino15\packages\arduino\hardware\sam\1.6.11\variants\arduino_due_x/libsam_sam3x8e_gcc_rel.a(adc.o)
                0x000808ea                adc_disable_all_channel
 .text.adc_disable_interrupt
                0x000808f2        0x4 C:\Users\Jimbles\AppData\Local\arduino15\packages\arduino\hardware\sam\1.6.11\variants\arduino_due_x/libsam_sam3x8e_gcc_rel.a(adc.o)
                0x000808f2                adc_disable_interrupt
 *fill*         0x000808f6        0x2 
 .text.UOTGHS_Handler
                0x000808f8       0x10 C:\Users\Jimbles\AppData\Local\arduino15\packages\arduino\hardware\sam\1.6.11\variants\arduino_due_x/libsam_sam3x8e_gcc_rel.a(uotghs.o)
                0x000808f8                UOTGHS_Handler
 .text.dacc_reset
                0x00080908        0x6 C:\Users\Jimbles\AppData\Local\arduino15\packages\arduino\hardware\sam\1.6.11\variants\arduino_due_x/libsam_sam3x8e_gcc_rel.a(dacc.o)
                0x00080908                dacc_reset
 .text.dacc_set_transfer_mode
                0x0008090e       0x14 C:\Users\Jimbles\AppData\Local\arduino15\packages\arduino\hardware\sam\1.6.11\variants\arduino_due_x/libsam_sam3x8e_gcc_rel.a(dacc.o)
                0x0008090e                dacc_set_transfer_mode
 .text.dacc_get_interrupt_status
                0x00080922        0x4 C:\Users\Jimbles\AppData\Local\arduino15\packages\arduino\hardware\sam\1.6.11\variants\arduino_due_x/libsam_sam3x8e_gcc_rel.a(dacc.o)
                0x00080922                dacc_get_interrupt_status
 .text.dacc_write_conversion_data
                0x00080926        0x4 C:\Users\Jimbles\AppData\Local\arduino15\packages\arduino\hardware\sam\1.6.11\variants\arduino_due_x/libsam_sam3x8e_gcc_rel.a(dacc.o)
                0x00080926                dacc_write_conversion_data
 .text.dacc_set_channel_selection
                0x0008092a       0x18 C:\Users\Jimbles\AppData\Local\arduino15\packages\arduino\hardware\sam\1.6.11\variants\arduino_due_x/libsam_sam3x8e_gcc_rel.a(dacc.o)
                0x0008092a                dacc_set_channel_selection
 .text.dacc_set_power_save
                0x00080942       0x24 C:\Users\Jimbles\AppData\Local\arduino15\packages\arduino\hardware\sam\1.6.11\variants\arduino_due_x/libsam_sam3x8e_gcc_rel.a(dacc.o)
                0x00080942                dacc_set_power_save
 .text.dacc_set_timing
                0x00080966       0x2c C:\Users\Jimbles\AppData\Local\arduino15\packages\arduino\hardware\sam\1.6.11\variants\arduino_due_x/libsam_sam3x8e_gcc_rel.a(dacc.o)
                0x00080966                dacc_set_timing
 .text.dacc_enable_channel
                0x00080992       0x12 C:\Users\Jimbles\AppData\Local\arduino15\packages\arduino\hardware\sam\1.6.11\variants\arduino_due_x/libsam_sam3x8e_gcc_rel.a(dacc.o)
                0x00080992                dacc_enable_channel
 .text.dacc_get_channel_status
                0x000809a4        0x4 C:\Users\Jimbles\AppData\Local\arduino15\packages\arduino\hardware\sam\1.6.11\variants\arduino_due_x/libsam_sam3x8e_gcc_rel.a(dacc.o)
                0x000809a4                dacc_get_channel_status
 .text.dacc_set_analog_control
                0x000809a8        0x8 C:\Users\Jimbles\AppData\Local\arduino15\packages\arduino\hardware\sam\1.6.11\variants\arduino_due_x/libsam_sam3x8e_gcc_rel.a(dacc.o)
                0x000809a8                dacc_set_analog_control
 .text.__halt   0x000809b0        0x2 C:\Users\Jimbles\AppData\Local\Temp\VMBuilds\WaveformGeneratorDDS\arduino_due_x_dbg\Release/core.a(cortex_handlers.c.o)
                0x000809b0                DACC_Handler
                0x000809b0                DebugMon_Handler
                0x000809b0                DMAC_Handler
                0x000809b0                TRNG_Handler
                0x000809b0                HardFault_Handler
                0x000809b0                TC2_Handler
                0x000809b0                TWI1_Handler
                0x000809b0                NMI_Handler
                0x000809b0                TC7_Handler
                0x000809b0                ADC_Handler
                0x000809b0                SMC_Handler
                0x000809b0                RTT_Handler
                0x000809b0                EFC1_Handler
                0x000809b0                PIOB_Handler
                0x000809b0                RTC_Handler
                0x000809b0                UsageFault_Handler
                0x000809b0                TC6_Handler
                0x000809b0                WDT_Handler
                0x000809b0                CAN0_Handler
                0x000809b0                TC4_Handler
                0x000809b0                TC1_Handler
                0x000809b0                HSMCI_Handler
                0x000809b0                TWI0_Handler
                0x000809b0                PIOA_Handler
                0x000809b0                SSC_Handler
                0x000809b0                EFC0_Handler
                0x000809b0                PMC_Handler
                0x000809b0                PWM_Handler
                0x000809b0                CAN1_Handler
                0x000809b0                MemManage_Handler
                0x000809b0                SUPC_Handler
                0x000809b0                TC8_Handler
                0x000809b0                USART2_Handler
                0x000809b0                PIOD_Handler
                0x000809b0                EMAC_Handler
                0x000809b0                PIOC_Handler
                0x000809b0                BusFault_Handler
                0x000809b0                RSTC_Handler
                0x000809b0                TC0_Handler
                0x000809b0                TC5_Handler
                0x000809b0                SPI0_Handler
 .text.SVC_Handler
                0x000809b2        0x4 C:\Users\Jimbles\AppData\Local\Temp\VMBuilds\WaveformGeneratorDDS\arduino_due_x_dbg\Release/core.a(cortex_handlers.c.o)
                0x000809b2                SVC_Handler
 .text.PendSV_Handler
                0x000809b6        0x4 C:\Users\Jimbles\AppData\Local\Temp\VMBuilds\WaveformGeneratorDDS\arduino_due_x_dbg\Release/core.a(cortex_handlers.c.o)
                0x000809b6                PendSV_Handler
 .text.SysTick_Handler
                0x000809ba       0x16 C:\Users\Jimbles\AppData\Local\Temp\VMBuilds\WaveformGeneratorDDS\arduino_due_x_dbg\Release/core.a(cortex_handlers.c.o)
                0x000809ba                SysTick_Handler
 .text.__empty  0x000809d0        0x2 C:\Users\Jimbles\AppData\Local\Temp\VMBuilds\WaveformGeneratorDDS\arduino_due_x_dbg\Release/core.a(hooks.c.o)
                0x000809d0                yield
 .text.__false  0x000809d2        0x4 C:\Users\Jimbles\AppData\Local\Temp\VMBuilds\WaveformGeneratorDDS\arduino_due_x_dbg\Release/core.a(hooks.c.o)
                0x000809d2                sysTickHook
 .text.__halt   0x000809d6        0x2 C:\Users\Jimbles\AppData\Local\Temp\VMBuilds\WaveformGeneratorDDS\arduino_due_x_dbg\Release/core.a(hooks.c.o)
                0x000809d6                svcHook
                0x000809d6                pendSVHook
 .text._sbrk    0x000809d8       0x1c C:\Users\Jimbles\AppData\Local\Temp\VMBuilds\WaveformGeneratorDDS\arduino_due_x_dbg\Release/core.a(syscalls_sam3.c.o)
                0x000809d8                _sbrk
 .text.link     0x000809f4        0x6 C:\Users\Jimbles\AppData\Local\Temp\VMBuilds\WaveformGeneratorDDS\arduino_due_x_dbg\Release/core.a(syscalls_sam3.c.o)
                0x000809f4                link
 .text._close   0x000809fa        0x6 C:\Users\Jimbles\AppData\Local\Temp\VMBuilds\WaveformGeneratorDDS\arduino_due_x_dbg\Release/core.a(syscalls_sam3.c.o)
                0x000809fa                _close
 .text._fstat   0x00080a00        0xa C:\Users\Jimbles\AppData\Local\Temp\VMBuilds\WaveformGeneratorDDS\arduino_due_x_dbg\Release/core.a(syscalls_sam3.c.o)
                0x00080a00                _fstat
 .text._isatty  0x00080a0a        0x4 C:\Users\Jimbles\AppData\Local\Temp\VMBuilds\WaveformGeneratorDDS\arduino_due_x_dbg\Release/core.a(syscalls_sam3.c.o)
                0x00080a0a                _isatty
 .text._lseek   0x00080a0e        0x4 C:\Users\Jimbles\AppData\Local\Temp\VMBuilds\WaveformGeneratorDDS\arduino_due_x_dbg\Release/core.a(syscalls_sam3.c.o)
                0x00080a0e                _lseek
 .text._read    0x00080a12        0x4 C:\Users\Jimbles\AppData\Local\Temp\VMBuilds\WaveformGeneratorDDS\arduino_due_x_dbg\Release/core.a(syscalls_sam3.c.o)
                0x00080a12                _read
 *fill*         0x00080a16        0x2 
 .text._write   0x00080a18       0x24 C:\Users\Jimbles\AppData\Local\Temp\VMBuilds\WaveformGeneratorDDS\arduino_due_x_dbg\Release/core.a(syscalls_sam3.c.o)
                0x00080a18                _write
 .text._exit    0x00080a3c       0x10 C:\Users\Jimbles\AppData\Local\Temp\VMBuilds\WaveformGeneratorDDS\arduino_due_x_dbg\Release/core.a(syscalls_sam3.c.o)
                0x00080a3c                _exit
 .text._kill    0x00080a4c        0x2 C:\Users\Jimbles\AppData\Local\Temp\VMBuilds\WaveformGeneratorDDS\arduino_due_x_dbg\Release/core.a(syscalls_sam3.c.o)
                0x00080a4c                _kill
 .text._getpid  0x00080a4e        0x6 C:\Users\Jimbles\AppData\Local\Temp\VMBuilds\WaveformGeneratorDDS\arduino_due_x_dbg\Release/core.a(syscalls_sam3.c.o)
                0x00080a4e                _getpid
 .text.delay    0x00080a54       0x1c C:\Users\Jimbles\AppData\Local\Temp\VMBuilds\WaveformGeneratorDDS\arduino_due_x_dbg\Release/core.a(wiring.c.o)
                0x00080a54                delay
 .text.mapResolution
                0x00080a70       0x12 C:\Users\Jimbles\AppData\Local\Temp\VMBuilds\WaveformGeneratorDDS\arduino_due_x_dbg\Release/core.a(wiring_analog.c.o)
 .text.analogOutputInit
                0x00080a82        0x2 C:\Users\Jimbles\AppData\Local\Temp\VMBuilds\WaveformGeneratorDDS\arduino_due_x_dbg\Release/core.a(wiring_analog.c.o)
                0x00080a82                analogOutputInit
 .text.analogWrite
                0x00080a84      0x2c0 C:\Users\Jimbles\AppData\Local\Temp\VMBuilds\WaveformGeneratorDDS\arduino_due_x_dbg\Release/core.a(wiring_analog.c.o)
                0x00080a84                analogWrite
 .text.pinMode  0x00080d44      0x108 C:\Users\Jimbles\AppData\Local\Temp\VMBuilds\WaveformGeneratorDDS\arduino_due_x_dbg\Release/core.a(wiring_digital.c.o)
                0x00080d44                pinMode
 .text.digitalWrite
                0x00080e4c       0x70 C:\Users\Jimbles\AppData\Local\Temp\VMBuilds\WaveformGeneratorDDS\arduino_due_x_dbg\Release/core.a(wiring_digital.c.o)
                0x00080e4c                digitalWrite
 .text.initVariant
                0x00080ebc        0x2 C:\Users\Jimbles\AppData\Local\Temp\VMBuilds\WaveformGeneratorDDS\arduino_due_x_dbg\Release/core.a(main.cpp.o)
                0x00080ebc                initVariant
 *fill*         0x00080ebe        0x2 
 .text.startup.main
                0x00080ec0       0x38 C:\Users\Jimbles\AppData\Local\Temp\VMBuilds\WaveformGeneratorDDS\arduino_due_x_dbg\Release/core.a(main.cpp.o)
                0x00080ec0                main
 .text._ZN5Print5writeEPKhj
                0x00080ef8       0x22 C:\Users\Jimbles\AppData\Local\Temp\VMBuilds\WaveformGeneratorDDS\arduino_due_x_dbg\Release/core.a(Print.cpp.o)
                0x00080ef8                Print::write(unsigned char const*, unsigned int)
 .text._ZN5Print5writeEPKc
                0x00080f1a       0x1e C:\Users\Jimbles\AppData\Local\Temp\VMBuilds\WaveformGeneratorDDS\arduino_due_x_dbg\Release/core.a(Print.cpp.o)
                0x00080f1a                Print::write(char const*)
 .text._ZN5Print7printlnEv
                0x00080f38       0x10 C:\Users\Jimbles\AppData\Local\Temp\VMBuilds\WaveformGeneratorDDS\arduino_due_x_dbg\Release/core.a(Print.cpp.o)
                0x00080f38                Print::println()
 .text._ZN5Print7printlnEPKc
                0x00080f48       0x14 C:\Users\Jimbles\AppData\Local\Temp\VMBuilds\WaveformGeneratorDDS\arduino_due_x_dbg\Release/core.a(Print.cpp.o)
                0x00080f48                Print::println(char const*)
 .text.initiateReset
                0x00080f5c        0xc C:\Users\Jimbles\AppData\Local\Temp\VMBuilds\WaveformGeneratorDDS\arduino_due_x_dbg\Release/core.a(Reset.cpp.o)
                0x00080f5c                initiateReset
 .text.cancelReset
                0x00080f68       0x10 C:\Users\Jimbles\AppData\Local\Temp\VMBuilds\WaveformGeneratorDDS\arduino_due_x_dbg\Release/core.a(Reset.cpp.o)
                0x00080f68                cancelReset
 .text.tickReset
                0x00080f78       0x20 C:\Users\Jimbles\AppData\Local\Temp\VMBuilds\WaveformGeneratorDDS\arduino_due_x_dbg\Release/core.a(Reset.cpp.o)
                0x00080f78                tickReset
 .text._ZN10RingBufferC2Ev
                0x00080f98       0x1a C:\Users\Jimbles\AppData\Local\Temp\VMBuilds\WaveformGeneratorDDS\arduino_due_x_dbg\Release/core.a(RingBuffer.cpp.o)
                0x00080f98                RingBuffer::RingBuffer()
                0x00080f98                RingBuffer::RingBuffer()
 .text._ZN10RingBuffer10store_charEh
                0x00080fb2       0x1e C:\Users\Jimbles\AppData\Local\Temp\VMBuilds\WaveformGeneratorDDS\arduino_due_x_dbg\Release/core.a(RingBuffer.cpp.o)
                0x00080fb2                RingBuffer::store_char(unsigned char)
 .text._ZN9UARTClasscvbEv
                0x00080fd0        0x4 C:\Users\Jimbles\AppData\Local\Temp\VMBuilds\WaveformGeneratorDDS\arduino_due_x_dbg\Release/core.a(UARTClass.cpp.o)
                0x00080fd0                UARTClass::operator bool()
 .text._ZN9UARTClass9availableEv
                0x00080fd4       0x12 C:\Users\Jimbles\AppData\Local\Temp\VMBuilds\WaveformGeneratorDDS\arduino_due_x_dbg\Release/core.a(UARTClass.cpp.o)
                0x00080fd4                UARTClass::available()
 .text._ZN9UARTClass4peekEv
                0x00080fe6       0x1c C:\Users\Jimbles\AppData\Local\Temp\VMBuilds\WaveformGeneratorDDS\arduino_due_x_dbg\Release/core.a(UARTClass.cpp.o)
                0x00080fe6                UARTClass::peek()
 .text._ZN9UARTClass4readEv
                0x00081002       0x2a C:\Users\Jimbles\AppData\Local\Temp\VMBuilds\WaveformGeneratorDDS\arduino_due_x_dbg\Release/core.a(UARTClass.cpp.o)
                0x00081002                UARTClass::read()
 .text._ZN9UARTClass5flushEv
                0x0008102c       0x18 C:\Users\Jimbles\AppData\Local\Temp\VMBuilds\WaveformGeneratorDDS\arduino_due_x_dbg\Release/core.a(UARTClass.cpp.o)
                0x0008102c                UARTClass::flush()
 .text._ZN9UARTClass5writeEh
                0x00081044       0x54 C:\Users\Jimbles\AppData\Local\Temp\VMBuilds\WaveformGeneratorDDS\arduino_due_x_dbg\Release/core.a(UARTClass.cpp.o)
                0x00081044                UARTClass::write(unsigned char)
 .text._ZN9UARTClass3endEv
                0x00081098       0x3c C:\Users\Jimbles\AppData\Local\Temp\VMBuilds\WaveformGeneratorDDS\arduino_due_x_dbg\Release/core.a(UARTClass.cpp.o)
                0x00081098                UARTClass::end()
 .text._ZN9UARTClassC2EP4Uart4IRQnmP10RingBufferS4_
                0x000810d4       0x24 C:\Users\Jimbles\AppData\Local\Temp\VMBuilds\WaveformGeneratorDDS\arduino_due_x_dbg\Release/core.a(UARTClass.cpp.o)
                0x000810d4                UARTClass::UARTClass(Uart*, IRQn, unsigned long, RingBuffer*, RingBuffer*)
                0x000810d4                UARTClass::UARTClass(Uart*, IRQn, unsigned long, RingBuffer*, RingBuffer*)
 .text._ZN9UARTClass4initEmm
                0x000810f8       0x70 C:\Users\Jimbles\AppData\Local\Temp\VMBuilds\WaveformGeneratorDDS\arduino_due_x_dbg\Release/core.a(UARTClass.cpp.o)
                0x000810f8                UARTClass::init(unsigned long, unsigned long)
 .text._ZN9UARTClass5beginEm
                0x00081168        0x8 C:\Users\Jimbles\AppData\Local\Temp\VMBuilds\WaveformGeneratorDDS\arduino_due_x_dbg\Release/core.a(UARTClass.cpp.o)
                0x00081168                UARTClass::begin(unsigned long)
 .text._ZN9UARTClass10IrqHandlerEv
                0x00081170       0x5a C:\Users\Jimbles\AppData\Local\Temp\VMBuilds\WaveformGeneratorDDS\arduino_due_x_dbg\Release/core.a(UARTClass.cpp.o)
                0x00081170                UARTClass::IrqHandler()
 .text._ZN10USARTClass5beginEm
                0x000811ca        0x8 C:\Users\Jimbles\AppData\Local\Temp\VMBuilds\WaveformGeneratorDDS\arduino_due_x_dbg\Release/core.a(USARTClass.cpp.o)
                0x000811ca                USARTClass::begin(unsigned long)
 *fill*         0x000811d2        0x2 
 .text._ZN10USARTClassC2EP5Usart4IRQnmP10RingBufferS4_
                0x000811d4       0x24 C:\Users\Jimbles\AppData\Local\Temp\VMBuilds\WaveformGeneratorDDS\arduino_due_x_dbg\Release/core.a(USARTClass.cpp.o)
                0x000811d4                USARTClass::USARTClass(Usart*, IRQn, unsigned long, RingBuffer*, RingBuffer*)
                0x000811d4                USARTClass::USARTClass(Usart*, IRQn, unsigned long, RingBuffer*, RingBuffer*)
 .text._watchdogDefaultSetup
                0x000811f8        0xc C:\Users\Jimbles\AppData\Local\Temp\VMBuilds\WaveformGeneratorDDS\arduino_due_x_dbg\Release/core.a(watchdog.cpp.o)
                0x000811f8                _watchdogDefaultSetup
                0x000811f8                watchdogSetup()
 .text.unlikely._ZL11USB_SendZlpv
                0x00081204       0x20 C:\Users\Jimbles\AppData\Local\Temp\VMBuilds\WaveformGeneratorDDS\arduino_due_x_dbg\Release/core.a(USBCore.cpp.o)
 .text._Z14USBD_Availablem
                0x00081224       0x2c C:\Users\Jimbles\AppData\Local\Temp\VMBuilds\WaveformGeneratorDDS\arduino_due_x_dbg\Release/core.a(USBCore.cpp.o)
                0x00081224                USBD_Available(unsigned long)
 .text._Z9USBD_RecvmPvm
                0x00081250       0x7c C:\Users\Jimbles\AppData\Local\Temp\VMBuilds\WaveformGeneratorDDS\arduino_due_x_dbg\Release/core.a(USBCore.cpp.o)
                0x00081250                USBD_Recv(unsigned long, void*, unsigned long)
 .text._Z9USBD_Recvm
                0x000812cc       0x22 C:\Users\Jimbles\AppData\Local\Temp\VMBuilds\WaveformGeneratorDDS\arduino_due_x_dbg\Release/core.a(USBCore.cpp.o)
                0x000812cc                USBD_Recv(unsigned long)
 *fill*         0x000812ee        0x2 
 .text._Z9USBD_SendmPKvm
                0x000812f0       0x4c C:\Users\Jimbles\AppData\Local\Temp\VMBuilds\WaveformGeneratorDDS\arduino_due_x_dbg\Release/core.a(USBCore.cpp.o)
                0x000812f0                USBD_Send(unsigned long, void const*, unsigned long)
 .text._Z16USBD_SendControlhPKvm
                0x0008133c       0x40 C:\Users\Jimbles\AppData\Local\Temp\VMBuilds\WaveformGeneratorDDS\arduino_due_x_dbg\Release/core.a(USBCore.cpp.o)
                0x0008133c                USBD_SendControl(unsigned char, void const*, unsigned long)
 .text.unlikely._ZL24USB_SendStringDescriptorPKhi
                0x0008137c       0x64 C:\Users\Jimbles\AppData\Local\Temp\VMBuilds\WaveformGeneratorDDS\arduino_due_x_dbg\Release/core.a(USBCore.cpp.o)
 .text._Z16USBD_RecvControlPvm
                0x000813e0       0x1c C:\Users\Jimbles\AppData\Local\Temp\VMBuilds\WaveformGeneratorDDS\arduino_due_x_dbg\Release/core.a(USBCore.cpp.o)
                0x000813e0                USBD_RecvControl(void*, unsigned long)
 .text._Z26USBD_ClassInterfaceRequestR8USBSetup
                0x000813fc       0x1e C:\Users\Jimbles\AppData\Local\Temp\VMBuilds\WaveformGeneratorDDS\arduino_due_x_dbg\Release/core.a(USBCore.cpp.o)
                0x000813fc                USBD_ClassInterfaceRequest(USBSetup&)
 .text._Z19USBD_SendInterfacesv
                0x0008141a       0x22 C:\Users\Jimbles\AppData\Local\Temp\VMBuilds\WaveformGeneratorDDS\arduino_due_x_dbg\Release/core.a(USBCore.cpp.o)
                0x0008141a                USBD_SendInterfaces()
 .text._Z24USBD_SendOtherInterfacesv
                0x0008143c       0x22 C:\Users\Jimbles\AppData\Local\Temp\VMBuilds\WaveformGeneratorDDS\arduino_due_x_dbg\Release/core.a(USBCore.cpp.o)
                0x0008143c                USBD_SendOtherInterfaces()
 .text._Z10USBD_Flushm
                0x0008145e       0x16 C:\Users\Jimbles\AppData\Local\Temp\VMBuilds\WaveformGeneratorDDS\arduino_due_x_dbg\Release/core.a(USBCore.cpp.o)
                0x0008145e                USBD_Flush(unsigned long)
 .text._ZN10USBDevice_C2Ev
                0x00081474       0x24 C:\Users\Jimbles\AppData\Local\Temp\VMBuilds\WaveformGeneratorDDS\arduino_due_x_dbg\Release/core.a(USBCore.cpp.o)
                0x00081474                USBDevice_::USBDevice_()
                0x00081474                USBDevice_::USBDevice_()
 .text._ZN10USBDevice_6attachEv
                0x00081498       0x20 C:\Users\Jimbles\AppData\Local\Temp\VMBuilds\WaveformGeneratorDDS\arduino_due_x_dbg\Release/core.a(USBCore.cpp.o)
                0x00081498                USBDevice_::attach()
 .text.startup._GLOBAL__sub_I_EndPoints
                0x000814b8        0xc C:\Users\Jimbles\AppData\Local\Temp\VMBuilds\WaveformGeneratorDDS\arduino_due_x_dbg\Release/core.a(USBCore.cpp.o)
 .text._ZL7USB_ISRv
                0x000814c4      0x454 C:\Users\Jimbles\AppData\Local\Temp\VMBuilds\WaveformGeneratorDDS\arduino_due_x_dbg\Release/core.a(USBCore.cpp.o)
 .text._ZN7Serial_9availableEv
                0x00081918       0x18 C:\Users\Jimbles\AppData\Local\Temp\VMBuilds\WaveformGeneratorDDS\arduino_due_x_dbg\Release/core.a(CDC.cpp.o)
                0x00081918                Serial_::available()
 .text._ZN7Serial_17availableForWriteEv
                0x00081930        0x6 C:\Users\Jimbles\AppData\Local\Temp\VMBuilds\WaveformGeneratorDDS\arduino_due_x_dbg\Release/core.a(CDC.cpp.o)
                0x00081930                Serial_::availableForWrite()
 *fill*         0x00081936        0x2 
 .text._ZN7Serial_4peekEv
                0x00081938       0x20 C:\Users\Jimbles\AppData\Local\Temp\VMBuilds\WaveformGeneratorDDS\arduino_due_x_dbg\Release/core.a(CDC.cpp.o)
                0x00081938                Serial_::peek()
 .text._ZN7Serial_5writeEh
                0x00081958       0x16 C:\Users\Jimbles\AppData\Local\Temp\VMBuilds\WaveformGeneratorDDS\arduino_due_x_dbg\Release/core.a(CDC.cpp.o)
                0x00081958                Serial_::write(unsigned char)
 *fill*         0x0008196e        0x2 
 .text._ZN7Serial_4readEv
                0x00081970       0x44 C:\Users\Jimbles\AppData\Local\Temp\VMBuilds\WaveformGeneratorDDS\arduino_due_x_dbg\Release/core.a(CDC.cpp.o)
                0x00081970                Serial_::read()
 .text._ZN7Serial_5flushEv
                0x000819b4        0x6 C:\Users\Jimbles\AppData\Local\Temp\VMBuilds\WaveformGeneratorDDS\arduino_due_x_dbg\Release/core.a(CDC.cpp.o)
                0x000819b4                Serial_::flush()
 *fill*         0x000819ba        0x2 
 .text._ZN7Serial_6acceptEv
                0x000819bc       0x70 C:\Users\Jimbles\AppData\Local\Temp\VMBuilds\WaveformGeneratorDDS\arduino_due_x_dbg\Release/core.a(CDC.cpp.o)
                0x000819bc                Serial_::accept()
 .text._ZN7Serial_5writeEPKhj
                0x00081a2c       0x2c C:\Users\Jimbles\AppData\Local\Temp\VMBuilds\WaveformGeneratorDDS\arduino_due_x_dbg\Release/core.a(CDC.cpp.o)
                0x00081a2c                Serial_::write(unsigned char const*, unsigned int)
 .text._Z16CDC_GetInterfacePh
                0x00081a58       0x14 C:\Users\Jimbles\AppData\Local\Temp\VMBuilds\WaveformGeneratorDDS\arduino_due_x_dbg\Release/core.a(CDC.cpp.o)
                0x00081a58                CDC_GetInterface(unsigned char*)
 .text._Z21CDC_GetOtherInterfacePh
                0x00081a6c       0x14 C:\Users\Jimbles\AppData\Local\Temp\VMBuilds\WaveformGeneratorDDS\arduino_due_x_dbg\Release/core.a(CDC.cpp.o)
                0x00081a6c                CDC_GetOtherInterface(unsigned char*)
 .text._Z9CDC_SetupR8USBSetup
                0x00081a80       0x78 C:\Users\Jimbles\AppData\Local\Temp\VMBuilds\WaveformGeneratorDDS\arduino_due_x_dbg\Release/core.a(CDC.cpp.o)
                0x00081a80                CDC_Setup(USBSetup&)
 .text.startup._GLOBAL__sub_I_cdc_rx_buffer
                0x00081af8       0x1c C:\Users\Jimbles\AppData\Local\Temp\VMBuilds\WaveformGeneratorDDS\arduino_due_x_dbg\Release/core.a(CDC.cpp.o)
 .text._ZN13PluggableUSB_12getInterfaceEPh
                0x00081b14       0x28 C:\Users\Jimbles\AppData\Local\Temp\VMBuilds\WaveformGeneratorDDS\arduino_due_x_dbg\Release/core.a(PluggableUSB.cpp.o)
                0x00081b14                PluggableUSB_::getInterface(unsigned char*)
 .text._ZN13PluggableUSB_13getDescriptorER8USBSetup
                0x00081b3c       0x1c C:\Users\Jimbles\AppData\Local\Temp\VMBuilds\WaveformGeneratorDDS\arduino_due_x_dbg\Release/core.a(PluggableUSB.cpp.o)
                0x00081b3c                PluggableUSB_::getDescriptor(USBSetup&)
 .text._ZN13PluggableUSB_12getShortNameEPc
                0x00081b58       0x1c C:\Users\Jimbles\AppData\Local\Temp\VMBuilds\WaveformGeneratorDDS\arduino_due_x_dbg\Release/core.a(PluggableUSB.cpp.o)
                0x00081b58                PluggableUSB_::getShortName(char*)
 .text._ZN13PluggableUSB_5setupER8USBSetup
                0x00081b74       0x20 C:\Users\Jimbles\AppData\Local\Temp\VMBuilds\WaveformGeneratorDDS\arduino_due_x_dbg\Release/core.a(PluggableUSB.cpp.o)
                0x00081b74                PluggableUSB_::setup(USBSetup&)
 .text._Z12PluggableUSBv
                0x00081b94       0x28 C:\Users\Jimbles\AppData\Local\Temp\VMBuilds\WaveformGeneratorDDS\arduino_due_x_dbg\Release/core.a(PluggableUSB.cpp.o)
                0x00081b94                PluggableUSB()
 .text.FindClockConfiguration
                0x00081bbc       0x7c C:\Users\Jimbles\AppData\Local\arduino15\packages\arduino\hardware\sam\1.6.11\variants\arduino_due_x/libsam_sam3x8e_gcc_rel.a(pwmc.o)
 .text.PWMC_ConfigureChannel
                0x00081c38       0x60 C:\Users\Jimbles\AppData\Local\arduino15\packages\arduino\hardware\sam\1.6.11\variants\arduino_due_x/libsam_sam3x8e_gcc_rel.a(pwmc.o)
                0x00081c38                PWMC_ConfigureChannel
 .text.PWMC_ConfigureClocks
                0x00081c98       0x54 C:\Users\Jimbles\AppData\Local\arduino15\packages\arduino\hardware\sam\1.6.11\variants\arduino_due_x/libsam_sam3x8e_gcc_rel.a(pwmc.o)
                0x00081c98                PWMC_ConfigureClocks
 .text.PWMC_SetPeriod
                0x00081cec       0x1a C:\Users\Jimbles\AppData\Local\arduino15\packages\arduino\hardware\sam\1.6.11\variants\arduino_due_x/libsam_sam3x8e_gcc_rel.a(pwmc.o)
                0x00081cec                PWMC_SetPeriod
 *fill*         0x00081d06        0x2 
 .text.PWMC_SetDutyCycle
                0x00081d08       0x44 C:\Users\Jimbles\AppData\Local\arduino15\packages\arduino\hardware\sam\1.6.11\variants\arduino_due_x/libsam_sam3x8e_gcc_rel.a(pwmc.o)
                0x00081d08                PWMC_SetDutyCycle
 .text.PWMC_EnableChannel
                0x00081d4c        0xa C:\Users\Jimbles\AppData\Local\arduino15\packages\arduino\hardware\sam\1.6.11\variants\arduino_due_x/libsam_sam3x8e_gcc_rel.a(pwmc.o)
                0x00081d4c                PWMC_EnableChannel
 *fill*         0x00081d56        0x2 
 .text.TimeTick_Increment
                0x00081d58       0x10 C:\Users\Jimbles\AppData\Local\arduino15\packages\arduino\hardware\sam\1.6.11\variants\arduino_due_x/libsam_sam3x8e_gcc_rel.a(timetick.o)
                0x00081d58                TimeTick_Increment
 .text.GetTickCount
                0x00081d68        0xc C:\Users\Jimbles\AppData\Local\arduino15\packages\arduino\hardware\sam\1.6.11\variants\arduino_due_x/libsam_sam3x8e_gcc_rel.a(timetick.o)
                0x00081d68                GetTickCount
 .text.WDT_Disable
                0x00081d74        0x8 C:\Users\Jimbles\AppData\Local\arduino15\packages\arduino\hardware\sam\1.6.11\variants\arduino_due_x/libsam_sam3x8e_gcc_rel.a(wdt.o)
                0x00081d74                WDT_Disable
 .text.UDD_SetStack
                0x00081d7c        0xc C:\Users\Jimbles\AppData\Local\arduino15\packages\arduino\hardware\sam\1.6.11\variants\arduino_due_x/libsam_sam3x8e_gcc_rel.a(uotghs_device.o)
                0x00081d7c                UDD_SetStack
 .text.UDD_Init
                0x00081d88       0xd0 C:\Users\Jimbles\AppData\Local\arduino15\packages\arduino\hardware\sam\1.6.11\variants\arduino_due_x/libsam_sam3x8e_gcc_rel.a(uotghs_device.o)
                0x00081d88                UDD_Init
 .text.UDD_Attach
                0x00081e58       0x50 C:\Users\Jimbles\AppData\Local\arduino15\packages\arduino\hardware\sam\1.6.11\variants\arduino_due_x/libsam_sam3x8e_gcc_rel.a(uotghs_device.o)
                0x00081e58                UDD_Attach
 .text.UDD_InitEP
                0x00081ea8       0x2c C:\Users\Jimbles\AppData\Local\arduino15\packages\arduino\hardware\sam\1.6.11\variants\arduino_due_x/libsam_sam3x8e_gcc_rel.a(uotghs_device.o)
                0x00081ea8                UDD_InitEP
 .text.UDD_InitEndpoints
                0x00081ed4       0x3c C:\Users\Jimbles\AppData\Local\arduino15\packages\arduino\hardware\sam\1.6.11\variants\arduino_due_x/libsam_sam3x8e_gcc_rel.a(uotghs_device.o)
                0x00081ed4                UDD_InitEndpoints
 .text.UDD_WaitIN
                0x00081f10       0x10 C:\Users\Jimbles\AppData\Local\arduino15\packages\arduino\hardware\sam\1.6.11\variants\arduino_due_x/libsam_sam3x8e_gcc_rel.a(uotghs_device.o)
                0x00081f10                UDD_WaitIN
 .text.UDD_WaitOUT
                0x00081f20       0x10 C:\Users\Jimbles\AppData\Local\arduino15\packages\arduino\hardware\sam\1.6.11\variants\arduino_due_x/libsam_sam3x8e_gcc_rel.a(uotghs_device.o)
                0x00081f20                UDD_WaitOUT
 .text.UDD_ClearIN
                0x00081f30       0x18 C:\Users\Jimbles\AppData\Local\arduino15\packages\arduino\hardware\sam\1.6.11\variants\arduino_due_x/libsam_sam3x8e_gcc_rel.a(uotghs_device.o)
                0x00081f30                UDD_ClearIN
 .text.UDD_ClearOUT
                0x00081f48       0x18 C:\Users\Jimbles\AppData\Local\arduino15\packages\arduino\hardware\sam\1.6.11\variants\arduino_due_x/libsam_sam3x8e_gcc_rel.a(uotghs_device.o)
                0x00081f48                UDD_ClearOUT
 .text.UDD_ReceivedSetupInt
                0x00081f60       0x10 C:\Users\Jimbles\AppData\Local\arduino15\packages\arduino\hardware\sam\1.6.11\variants\arduino_due_x/libsam_sam3x8e_gcc_rel.a(uotghs_device.o)
                0x00081f60                UDD_ReceivedSetupInt
 .text.UDD_ClearSetupInt
                0x00081f70       0x10 C:\Users\Jimbles\AppData\Local\arduino15\packages\arduino\hardware\sam\1.6.11\variants\arduino_due_x/libsam_sam3x8e_gcc_rel.a(uotghs_device.o)
                0x00081f70                UDD_ClearSetupInt
 .text.UDD_Send
                0x00081f80       0x88 C:\Users\Jimbles\AppData\Local\arduino15\packages\arduino\hardware\sam\1.6.11\variants\arduino_due_x/libsam_sam3x8e_gcc_rel.a(uotghs_device.o)
                0x00081f80                UDD_Send
 .text.UDD_Send8
                0x00082008       0x24 C:\Users\Jimbles\AppData\Local\arduino15\packages\arduino\hardware\sam\1.6.11\variants\arduino_due_x/libsam_sam3x8e_gcc_rel.a(uotghs_device.o)
                0x00082008                UDD_Send8
 .text.UDD_Recv8
                0x0008202c       0x28 C:\Users\Jimbles\AppData\Local\arduino15\packages\arduino\hardware\sam\1.6.11\variants\arduino_due_x/libsam_sam3x8e_gcc_rel.a(uotghs_device.o)
                0x0008202c                UDD_Recv8
 .text.UDD_Recv
                0x00082054       0x34 C:\Users\Jimbles\AppData\Local\arduino15\packages\arduino\hardware\sam\1.6.11\variants\arduino_due_x/libsam_sam3x8e_gcc_rel.a(uotghs_device.o)
                0x00082054                UDD_Recv
 .text.UDD_Stall
                0x00082088       0x14 C:\Users\Jimbles\AppData\Local\arduino15\packages\arduino\hardware\sam\1.6.11\variants\arduino_due_x/libsam_sam3x8e_gcc_rel.a(uotghs_device.o)
                0x00082088                UDD_Stall
 .text.UDD_FifoByteCount
                0x0008209c       0x14 C:\Users\Jimbles\AppData\Local\arduino15\packages\arduino\hardware\sam\1.6.11\variants\arduino_due_x/libsam_sam3x8e_gcc_rel.a(uotghs_device.o)
                0x0008209c                UDD_FifoByteCount
 .text.UDD_ReleaseRX
                0x000820b0       0x28 C:\Users\Jimbles\AppData\Local\arduino15\packages\arduino\hardware\sam\1.6.11\variants\arduino_due_x/libsam_sam3x8e_gcc_rel.a(uotghs_device.o)
                0x000820b0                UDD_ReleaseRX
 .text.UDD_ReleaseTX
                0x000820d8       0x28 C:\Users\Jimbles\AppData\Local\arduino15\packages\arduino\hardware\sam\1.6.11\variants\arduino_due_x/libsam_sam3x8e_gcc_rel.a(uotghs_device.o)
                0x000820d8                UDD_ReleaseTX
 .text.UDD_SetAddress
                0x00082100       0x20 C:\Users\Jimbles\AppData\Local\arduino15\packages\arduino\hardware\sam\1.6.11\variants\arduino_due_x/libsam_sam3x8e_gcc_rel.a(uotghs_device.o)
                0x00082100                UDD_SetAddress
 .text.__assert_func
                0x00082120       0x3c c:/users/jimbles/appdata/local/arduino15/packages/arduino/tools/arm-none-eabi-gcc/4.8.3-2014q1/bin/../lib/gcc/arm-none-eabi/4.8.3/../../../../arm-none-eabi/lib/armv7-m\libg.a(lib_a-assert.o)
                0x00082120                __assert_func
 .text.fiprintf
                0x0008215c       0x28 c:/users/jimbles/appdata/local/arduino15/packages/arduino/tools/arm-none-eabi-gcc/4.8.3-2014q1/bin/../lib/gcc/arm-none-eabi/4.8.3/../../../../arm-none-eabi/lib/armv7-m\libg.a(lib_a-fiprintf.o)
                0x0008215c                fiprintf
 .text.__libc_init_array
                0x00082184       0x50 c:/users/jimbles/appdata/local/arduino15/packages/arduino/tools/arm-none-eabi-gcc/4.8.3-2014q1/bin/../lib/gcc/arm-none-eabi/4.8.3/../../../../arm-none-eabi/lib/armv7-m\libg.a(lib_a-init.o)
                0x00082184                __libc_init_array
 .text.iprintf  0x000821d4       0x28 c:/users/jimbles/appdata/local/arduino15/packages/arduino/tools/arm-none-eabi-gcc/4.8.3-2014q1/bin/../lib/gcc/arm-none-eabi/4.8.3/../../../../arm-none-eabi/lib/armv7-m\libg.a(lib_a-iprintf.o)
                0x000821d4                iprintf
 .text.memset   0x000821fc       0x94 c:/users/jimbles/appdata/local/arduino15/packages/arduino/tools/arm-none-eabi-gcc/4.8.3-2014q1/bin/../lib/gcc/arm-none-eabi/4.8.3/../../../../arm-none-eabi/lib/armv7-m\libg.a(lib_a-memset.o)
                0x000821fc                memset
 .text.strlen   0x00082290       0x60 c:/users/jimbles/appdata/local/arduino15/packages/arduino/tools/arm-none-eabi-gcc/4.8.3-2014q1/bin/../lib/gcc/arm-none-eabi/4.8.3/../../../../arm-none-eabi/lib/armv7-m\libg.a(lib_a-strlen.o)
                0x00082290                strlen
 .text.kill     0x000822f0       0x10 c:/users/jimbles/appdata/local/arduino15/packages/arduino/tools/arm-none-eabi-gcc/4.8.3-2014q1/bin/../lib/gcc/arm-none-eabi/4.8.3/../../../../arm-none-eabi/lib/armv7-m\libg.a(lib_a-syskill.o)
                0x000822f0                kill
 .text.__sprint_r.part.0
                0x00082300       0x78 c:/users/jimbles/appdata/local/arduino15/packages/arduino/tools/arm-none-eabi-gcc/4.8.3-2014q1/bin/../lib/gcc/arm-none-eabi/4.8.3/../../../../arm-none-eabi/lib/armv7-m\libg.a(lib_a-vfiprintf.o)
 .text._vfiprintf_r
                0x00082378      0xc54 c:/users/jimbles/appdata/local/arduino15/packages/arduino/tools/arm-none-eabi-gcc/4.8.3-2014q1/bin/../lib/gcc/arm-none-eabi/4.8.3/../../../../arm-none-eabi/lib/armv7-m\libg.a(lib_a-vfiprintf.o)
                0x00082378                _vfiprintf_r
 .text.__sbprintf
                0x00082fcc       0x7c c:/users/jimbles/appdata/local/arduino15/packages/arduino/tools/arm-none-eabi-gcc/4.8.3-2014q1/bin/../lib/gcc/arm-none-eabi/4.8.3/../../../../arm-none-eabi/lib/armv7-m\libg.a(lib_a-vfiprintf.o)
 .text.__swsetup_r
                0x00083048       0xc4 c:/users/jimbles/appdata/local/arduino15/packages/arduino/tools/arm-none-eabi-gcc/4.8.3-2014q1/bin/../lib/gcc/arm-none-eabi/4.8.3/../../../../arm-none-eabi/lib/armv7-m\libg.a(lib_a-wsetup.o)
                0x00083048                __swsetup_r
 .text.startup.register_fini
                0x0008310c       0x14 c:/users/jimbles/appdata/local/arduino15/packages/arduino/tools/arm-none-eabi-gcc/4.8.3-2014q1/bin/../lib/gcc/arm-none-eabi/4.8.3/../../../../arm-none-eabi/lib/armv7-m\libg.a(lib_a-__call_atexit.o)
 .text.abort    0x00083120       0x10 c:/users/jimbles/appdata/local/arduino15/packages/arduino/tools/arm-none-eabi-gcc/4.8.3-2014q1/bin/../lib/gcc/arm-none-eabi/4.8.3/../../../../arm-none-eabi/lib/armv7-m\libg.a(lib_a-abort.o)
                0x00083120                abort
 .text.atexit   0x00083130        0xc c:/users/jimbles/appdata/local/arduino15/packages/arduino/tools/arm-none-eabi-gcc/4.8.3-2014q1/bin/../lib/gcc/arm-none-eabi/4.8.3/../../../../arm-none-eabi/lib/armv7-m\libg.a(lib_a-atexit.o)
                0x00083130                atexit
 .text.__sflush_r
                0x0008313c      0x148 c:/users/jimbles/appdata/local/arduino15/packages/arduino/tools/arm-none-eabi-gcc/4.8.3-2014q1/bin/../lib/gcc/arm-none-eabi/4.8.3/../../../../arm-none-eabi/lib/armv7-m\libg.a(lib_a-fflush.o)
                0x0008313c                __sflush_r
 .text._fflush_r
                0x00083284       0x2c c:/users/jimbles/appdata/local/arduino15/packages/arduino/tools/arm-none-eabi-gcc/4.8.3-2014q1/bin/../lib/gcc/arm-none-eabi/4.8.3/../../../../arm-none-eabi/lib/armv7-m\libg.a(lib_a-fflush.o)
                0x00083284                _fflush_r
 .text._cleanup_r
                0x000832b0        0xc c:/users/jimbles/appdata/local/arduino15/packages/arduino/tools/arm-none-eabi-gcc/4.8.3-2014q1/bin/../lib/gcc/arm-none-eabi/4.8.3/../../../../arm-none-eabi/lib/armv7-m\libg.a(lib_a-findfp.o)
                0x000832b0                _cleanup_r
 .text.__sinit  0x000832bc       0xf4 c:/users/jimbles/appdata/local/arduino15/packages/arduino/tools/arm-none-eabi-gcc/4.8.3-2014q1/bin/../lib/gcc/arm-none-eabi/4.8.3/../../../../arm-none-eabi/lib/armv7-m\libg.a(lib_a-findfp.o)
                0x000832bc                __sinit
 .text.__sfp_lock_acquire
                0x000833b0        0x4 c:/users/jimbles/appdata/local/arduino15/packages/arduino/tools/arm-none-eabi-gcc/4.8.3-2014q1/bin/../lib/gcc/arm-none-eabi/4.8.3/../../../../arm-none-eabi/lib/armv7-m\libg.a(lib_a-findfp.o)
                0x000833b0                __sfp_lock_acquire
 .text.__sfp_lock_release
                0x000833b4        0x4 c:/users/jimbles/appdata/local/arduino15/packages/arduino/tools/arm-none-eabi-gcc/4.8.3-2014q1/bin/../lib/gcc/arm-none-eabi/4.8.3/../../../../arm-none-eabi/lib/armv7-m\libg.a(lib_a-findfp.o)
                0x000833b4                __sfp_lock_release
 .text.__libc_fini_array
                0x000833b8       0x30 c:/users/jimbles/appdata/local/arduino15/packages/arduino/tools/arm-none-eabi-gcc/4.8.3-2014q1/bin/../lib/gcc/arm-none-eabi/4.8.3/../../../../arm-none-eabi/lib/armv7-m\libg.a(lib_a-fini.o)
                0x000833b8                __libc_fini_array
 .text._fputwc_r
                0x000833e8       0xc0 c:/users/jimbles/appdata/local/arduino15/packages/arduino/tools/arm-none-eabi-gcc/4.8.3-2014q1/bin/../lib/gcc/arm-none-eabi/4.8.3/../../../../arm-none-eabi/lib/armv7-m\libg.a(lib_a-fputwc.o)
                0x000833e8                _fputwc_r
 .text._malloc_trim_r
                0x000834a8       0x9c c:/users/jimbles/appdata/local/arduino15/packages/arduino/tools/arm-none-eabi-gcc/4.8.3-2014q1/bin/../lib/gcc/arm-none-eabi/4.8.3/../../../../arm-none-eabi/lib/armv7-m\libg.a(lib_a-freer.o)
                0x000834a8                _malloc_trim_r
 .text._free_r  0x00083544      0x198 c:/users/jimbles/appdata/local/arduino15/packages/arduino/tools/arm-none-eabi-gcc/4.8.3-2014q1/bin/../lib/gcc/arm-none-eabi/4.8.3/../../../../arm-none-eabi/lib/armv7-m\libg.a(lib_a-freer.o)
                0x00083544                _free_r
 .text.__sfvwrite_r
                0x000836dc      0x314 c:/users/jimbles/appdata/local/arduino15/packages/arduino/tools/arm-none-eabi-gcc/4.8.3-2014q1/bin/../lib/gcc/arm-none-eabi/4.8.3/../../../../arm-none-eabi/lib/armv7-m\libg.a(lib_a-fvwrite.o)
                0x000836dc                __sfvwrite_r
 .text._fwalk   0x000839f0       0x48 c:/users/jimbles/appdata/local/arduino15/packages/arduino/tools/arm-none-eabi-gcc/4.8.3-2014q1/bin/../lib/gcc/arm-none-eabi/4.8.3/../../../../arm-none-eabi/lib/armv7-m\libg.a(lib_a-fwalk.o)
                0x000839f0                _fwalk
 .text.__locale_charset
                0x00083a38        0x8 c:/users/jimbles/appdata/local/arduino15/packages/arduino/tools/arm-none-eabi-gcc/4.8.3-2014q1/bin/../lib/gcc/arm-none-eabi/4.8.3/../../../../arm-none-eabi/lib/armv7-m\libg.a(lib_a-locale.o)
                0x00083a38                __locale_charset
 .text.__locale_mb_cur_max
                0x00083a40        0xc c:/users/jimbles/appdata/local/arduino15/packages/arduino/tools/arm-none-eabi-gcc/4.8.3-2014q1/bin/../lib/gcc/arm-none-eabi/4.8.3/../../../../arm-none-eabi/lib/armv7-m\libg.a(lib_a-locale.o)
                0x00083a40                __locale_mb_cur_max
 .text.__smakebuf_r
                0x00083a4c       0xe0 c:/users/jimbles/appdata/local/arduino15/packages/arduino/tools/arm-none-eabi-gcc/4.8.3-2014q1/bin/../lib/gcc/arm-none-eabi/4.8.3/../../../../arm-none-eabi/lib/armv7-m\libg.a(lib_a-makebuf.o)
                0x00083a4c                __smakebuf_r
 .text._malloc_r
                0x00083b2c      0x538 c:/users/jimbles/appdata/local/arduino15/packages/arduino/tools/arm-none-eabi-gcc/4.8.3-2014q1/bin/../lib/gcc/arm-none-eabi/4.8.3/../../../../arm-none-eabi/lib/armv7-m\libg.a(lib_a-mallocr.o)
                0x00083b2c                _malloc_r
 .text.memchr   0x00084064       0x94 c:/users/jimbles/appdata/local/arduino15/packages/arduino/tools/arm-none-eabi-gcc/4.8.3-2014q1/bin/../lib/gcc/arm-none-eabi/4.8.3/../../../../arm-none-eabi/lib/armv7-m\libg.a(lib_a-memchr-stub.o)
                0x00084064                memchr
 .text          0x000840f8       0xec c:/users/jimbles/appdata/local/arduino15/packages/arduino/tools/arm-none-eabi-gcc/4.8.3-2014q1/bin/../lib/gcc/arm-none-eabi/4.8.3/../../../../arm-none-eabi/lib/armv7-m\libg.a(lib_a-memcpy.o)
                0x000840f8                memcpy
 .text.memmove  0x000841e4       0xcc c:/users/jimbles/appdata/local/arduino15/packages/arduino/tools/arm-none-eabi-gcc/4.8.3-2014q1/bin/../lib/gcc/arm-none-eabi/4.8.3/../../../../arm-none-eabi/lib/armv7-m\libg.a(lib_a-memmove.o)
                0x000841e4                memmove
 .text.__malloc_lock
                0x000842b0        0x4 c:/users/jimbles/appdata/local/arduino15/packages/arduino/tools/arm-none-eabi-gcc/4.8.3-2014q1/bin/../lib/gcc/arm-none-eabi/4.8.3/../../../../arm-none-eabi/lib/armv7-m\libg.a(lib_a-mlock.o)
                0x000842b0                __malloc_lock
 .text.__malloc_unlock
                0x000842b4        0x4 c:/users/jimbles/appdata/local/arduino15/packages/arduino/tools/arm-none-eabi-gcc/4.8.3-2014q1/bin/../lib/gcc/arm-none-eabi/4.8.3/../../../../arm-none-eabi/lib/armv7-m\libg.a(lib_a-mlock.o)
                0x000842b4                __malloc_unlock
 .text._realloc_r
                0x000842b8      0x3c0 c:/users/jimbles/appdata/local/arduino15/packages/arduino/tools/arm-none-eabi-gcc/4.8.3-2014q1/bin/../lib/gcc/arm-none-eabi/4.8.3/../../../../arm-none-eabi/lib/armv7-m\libg.a(lib_a-reallocr.o)
                0x000842b8                _realloc_r
 .text._sbrk_r  0x00084678       0x24 c:/users/jimbles/appdata/local/arduino15/packages/arduino/tools/arm-none-eabi-gcc/4.8.3-2014q1/bin/../lib/gcc/arm-none-eabi/4.8.3/../../../../arm-none-eabi/lib/armv7-m\libg.a(lib_a-sbrkr.o)
                0x00084678                _sbrk_r
 .text._raise_r
                0x0008469c       0x58 c:/users/jimbles/appdata/local/arduino15/packages/arduino/tools/arm-none-eabi-gcc/4.8.3-2014q1/bin/../lib/gcc/arm-none-eabi/4.8.3/../../../../arm-none-eabi/lib/armv7-m\libg.a(lib_a-signal.o)
                0x0008469c                _raise_r
 .text.raise    0x000846f4       0x10 c:/users/jimbles/appdata/local/arduino15/packages/arduino/tools/arm-none-eabi-gcc/4.8.3-2014q1/bin/../lib/gcc/arm-none-eabi/4.8.3/../../../../arm-none-eabi/lib/armv7-m\libg.a(lib_a-signal.o)
                0x000846f4                raise
 .text._kill_r  0x00084704       0x28 c:/users/jimbles/appdata/local/arduino15/packages/arduino/tools/arm-none-eabi-gcc/4.8.3-2014q1/bin/../lib/gcc/arm-none-eabi/4.8.3/../../../../arm-none-eabi/lib/armv7-m\libg.a(lib_a-signalr.o)
                0x00084704                _kill_r
 .text._getpid_r
                0x0008472c        0x4 c:/users/jimbles/appdata/local/arduino15/packages/arduino/tools/arm-none-eabi-gcc/4.8.3-2014q1/bin/../lib/gcc/arm-none-eabi/4.8.3/../../../../arm-none-eabi/lib/armv7-m\libg.a(lib_a-signalr.o)
                0x0008472c                _getpid_r
 .text.__sread  0x00084730       0x24 c:/users/jimbles/appdata/local/arduino15/packages/arduino/tools/arm-none-eabi-gcc/4.8.3-2014q1/bin/../lib/gcc/arm-none-eabi/4.8.3/../../../../arm-none-eabi/lib/armv7-m\libg.a(lib_a-stdio.o)
                0x00084730                __sread
 .text.__swrite
                0x00084754       0x38 c:/users/jimbles/appdata/local/arduino15/packages/arduino/tools/arm-none-eabi-gcc/4.8.3-2014q1/bin/../lib/gcc/arm-none-eabi/4.8.3/../../../../arm-none-eabi/lib/armv7-m\libg.a(lib_a-stdio.o)
                0x00084754                __swrite
 .text.__sseek  0x0008478c       0x20 c:/users/jimbles/appdata/local/arduino15/packages/arduino/tools/arm-none-eabi-gcc/4.8.3-2014q1/bin/../lib/gcc/arm-none-eabi/4.8.3/../../../../arm-none-eabi/lib/armv7-m\libg.a(lib_a-stdio.o)
                0x0008478c                __sseek
 .text.__sclose
                0x000847ac        0x8 c:/users/jimbles/appdata/local/arduino15/packages/arduino/tools/arm-none-eabi-gcc/4.8.3-2014q1/bin/../lib/gcc/arm-none-eabi/4.8.3/../../../../arm-none-eabi/lib/armv7-m\libg.a(lib_a-stdio.o)
                0x000847ac                __sclose
 .text.__swbuf_r
                0x000847b4       0xa8 c:/users/jimbles/appdata/local/arduino15/packages/arduino/tools/arm-none-eabi-gcc/4.8.3-2014q1/bin/../lib/gcc/arm-none-eabi/4.8.3/../../../../arm-none-eabi/lib/armv7-m\libg.a(lib_a-wbuf.o)
                0x000847b4                __swbuf_r
 .text._wcrtomb_r
                0x0008485c       0x50 c:/users/jimbles/appdata/local/arduino15/packages/arduino/tools/arm-none-eabi-gcc/4.8.3-2014q1/bin/../lib/gcc/arm-none-eabi/4.8.3/../../../../arm-none-eabi/lib/armv7-m\libg.a(lib_a-wcrtomb.o)
                0x0008485c                _wcrtomb_r
 .text.__ascii_wctomb
                0x000848ac       0x1c c:/users/jimbles/appdata/local/arduino15/packages/arduino/tools/arm-none-eabi-gcc/4.8.3-2014q1/bin/../lib/gcc/arm-none-eabi/4.8.3/../../../../arm-none-eabi/lib/armv7-m\libg.a(lib_a-wctomb_r.o)
                0x000848ac                __ascii_wctomb
 .text._write_r
                0x000848c8       0x28 c:/users/jimbles/appdata/local/arduino15/packages/arduino/tools/arm-none-eabi-gcc/4.8.3-2014q1/bin/../lib/gcc/arm-none-eabi/4.8.3/../../../../arm-none-eabi/lib/armv7-m\libg.a(lib_a-writer.o)
                0x000848c8                _write_r
 .text.__register_exitproc
                0x000848f0       0xa8 c:/users/jimbles/appdata/local/arduino15/packages/arduino/tools/arm-none-eabi-gcc/4.8.3-2014q1/bin/../lib/gcc/arm-none-eabi/4.8.3/../../../../arm-none-eabi/lib/armv7-m\libg.a(lib_a-__atexit.o)
                0x000848f0                __register_exitproc
 .text._close_r
                0x00084998       0x24 c:/users/jimbles/appdata/local/arduino15/packages/arduino/tools/arm-none-eabi-gcc/4.8.3-2014q1/bin/../lib/gcc/arm-none-eabi/4.8.3/../../../../arm-none-eabi/lib/armv7-m\libg.a(lib_a-closer.o)
                0x00084998                _close_r
 .text._fclose_r
                0x000849bc       0x80 c:/users/jimbles/appdata/local/arduino15/packages/arduino/tools/arm-none-eabi-gcc/4.8.3-2014q1/bin/../lib/gcc/arm-none-eabi/4.8.3/../../../../arm-none-eabi/lib/armv7-m\libg.a(lib_a-fclose.o)
                0x000849bc                _fclose_r
 .text.fclose   0x00084a3c       0x10 c:/users/jimbles/appdata/local/arduino15/packages/arduino/tools/arm-none-eabi-gcc/4.8.3-2014q1/bin/../lib/gcc/arm-none-eabi/4.8.3/../../../../arm-none-eabi/lib/armv7-m\libg.a(lib_a-fclose.o)
                0x00084a3c                fclose
 .text._fstat_r
                0x00084a4c       0x28 c:/users/jimbles/appdata/local/arduino15/packages/arduino/tools/arm-none-eabi-gcc/4.8.3-2014q1/bin/../lib/gcc/arm-none-eabi/4.8.3/../../../../arm-none-eabi/lib/armv7-m\libg.a(lib_a-fstatr.o)
                0x00084a4c                _fstat_r
 .text._isatty_r
                0x00084a74       0x24 c:/users/jimbles/appdata/local/arduino15/packages/arduino/tools/arm-none-eabi-gcc/4.8.3-2014q1/bin/../lib/gcc/arm-none-eabi/4.8.3/../../../../arm-none-eabi/lib/armv7-m\libg.a(lib_a-isattyr.o)
                0x00084a74                _isatty_r
 .text._lseek_r
                0x00084a98       0x28 c:/users/jimbles/appdata/local/arduino15/packages/arduino/tools/arm-none-eabi-gcc/4.8.3-2014q1/bin/../lib/gcc/arm-none-eabi/4.8.3/../../../../arm-none-eabi/lib/armv7-m\libg.a(lib_a-lseekr.o)
                0x00084a98                _lseek_r
 .text._read_r  0x00084ac0       0x28 c:/users/jimbles/appdata/local/arduino15/packages/arduino/tools/arm-none-eabi-gcc/4.8.3-2014q1/bin/../lib/gcc/arm-none-eabi/4.8.3/../../../../arm-none-eabi/lib/armv7-m\libg.a(lib_a-readr.o)
                0x00084ac0                _read_r
 .text          0x00084ae8       0x2c c:/users/jimbles/appdata/local/arduino15/packages/arduino/tools/arm-none-eabi-gcc/4.8.3-2014q1/bin/../lib/gcc/arm-none-eabi/4.8.3/armv7-m\libgcc.a(_aeabi_uldivmod.o)
                0x00084ae8                __aeabi_uldivmod
 .text          0x00084b14       0x60 c:/users/jimbles/appdata/local/arduino15/packages/arduino/tools/arm-none-eabi-gcc/4.8.3-2014q1/bin/../lib/gcc/arm-none-eabi/4.8.3/armv7-m\libgcc.a(bpabi.o)
                0x00084b14                __gnu_ldivmod_helper
                0x00084b44                __gnu_uldivmod_helper
 .text          0x00084b74        0x4 c:/users/jimbles/appdata/local/arduino15/packages/arduino/tools/arm-none-eabi-gcc/4.8.3-2014q1/bin/../lib/gcc/arm-none-eabi/4.8.3/armv7-m\libgcc.a(_dvmd_tls.o)
                0x00084b74                __aeabi_idiv0
                0x00084b74                __aeabi_ldiv0
 .text          0x00084b78      0x2a0 c:/users/jimbles/appdata/local/arduino15/packages/arduino/tools/arm-none-eabi-gcc/4.8.3-2014q1/bin/../lib/gcc/arm-none-eabi/4.8.3/armv7-m\libgcc.a(_divdi3.o)
                0x00084b78                __divdi3
 .text          0x00084e18      0x290 c:/users/jimbles/appdata/local/arduino15/packages/arduino/tools/arm-none-eabi-gcc/4.8.3-2014q1/bin/../lib/gcc/arm-none-eabi/4.8.3/armv7-m\libgcc.a(_udivdi3.o)
                0x00084e18                __udivdi3
 *(.glue_7t)
 .glue_7t       0x00000000        0x0 linker stubs
 *(.glue_7)
 .glue_7        0x00000000        0x0 linker stubs
 *(.rodata .rodata* .gnu.linkonce.r.*)
 .rodata.str1.1
                0x000850a8       0x1f C:\Users\Jimbles\AppData\Local\Temp\VMBuilds\WaveformGeneratorDDS\arduino_due_x_dbg\Release\WaveformGeneratorDDS.cpp.o
 *fill*         0x000850c7        0x1 
 .rodata._ZL14waveformsTable
                0x000850c8    0x186a0 C:\Users\Jimbles\AppData\Local\Temp\VMBuilds\WaveformGeneratorDDS\arduino_due_x_dbg\Release\WaveformGeneratorDDS.cpp.o
 .rodata.g_APinDescription
                0x0009d768      0xa2c C:\Users\Jimbles\AppData\Local\Temp\VMBuilds\WaveformGeneratorDDS\arduino_due_x_dbg\Release\variant\variant.cpp.o
                0x0009d768                g_APinDescription
 .rodata.__func__.6792
                0x0009e194        0xd C:\Users\Jimbles\AppData\Local\arduino15\packages\arduino\hardware\sam\1.6.11\variants\arduino_due_x/libsam_sam3x8e_gcc_rel.a(tc.o)
 .rodata.str1.1
                0x0009e1a1       0x54 C:\Users\Jimbles\AppData\Local\arduino15\packages\arduino\hardware\sam\1.6.11\variants\arduino_due_x/libsam_sam3x8e_gcc_rel.a(tc.o)
 .rodata.__func__.6798
                0x0009e1f5        0x9 C:\Users\Jimbles\AppData\Local\arduino15\packages\arduino\hardware\sam\1.6.11\variants\arduino_due_x/libsam_sam3x8e_gcc_rel.a(tc.o)
 *fill*         0x0009e1fe        0x2 
 .rodata        0x0009e200       0x40 C:\Users\Jimbles\AppData\Local\arduino15\packages\arduino\hardware\sam\1.6.11\variants\arduino_due_x/libsam_sam3x8e_gcc_rel.a(adc.o)
 .rodata.str1.1
                0x0009e240       0x19 C:\Users\Jimbles\AppData\Local\Temp\VMBuilds\WaveformGeneratorDDS\arduino_due_x_dbg\Release/core.a(syscalls_sam3.c.o)
 *fill*         0x0009e259        0x3 
 .rodata.channelToId.9433
                0x0009e25c       0x48 C:\Users\Jimbles\AppData\Local\Temp\VMBuilds\WaveformGeneratorDDS\arduino_due_x_dbg\Release/core.a(wiring_analog.c.o)
 .rodata.channelToTC.9432
                0x0009e2a4       0x48 C:\Users\Jimbles\AppData\Local\Temp\VMBuilds\WaveformGeneratorDDS\arduino_due_x_dbg\Release/core.a(wiring_analog.c.o)
 .rodata.channelToChNo.9430
                0x0009e2ec       0x48 C:\Users\Jimbles\AppData\Local\Temp\VMBuilds\WaveformGeneratorDDS\arduino_due_x_dbg\Release/core.a(wiring_analog.c.o)
 .rodata.channelToAB.9431
                0x0009e334       0x48 C:\Users\Jimbles\AppData\Local\Temp\VMBuilds\WaveformGeneratorDDS\arduino_due_x_dbg\Release/core.a(wiring_analog.c.o)
 .rodata.str1.1
                0x0009e37c        0xf C:\Users\Jimbles\AppData\Local\Temp\VMBuilds\WaveformGeneratorDDS\arduino_due_x_dbg\Release/core.a(Print.cpp.o)
 *fill*         0x0009e38b        0x5 
 .rodata._ZTV9UARTClass
                0x0009e390       0x30 C:\Users\Jimbles\AppData\Local\Temp\VMBuilds\WaveformGeneratorDDS\arduino_due_x_dbg\Release/core.a(UARTClass.cpp.o)
                0x0009e390                vtable for UARTClass
 .rodata._ZTV10USARTClass
                0x0009e3c0       0x30 C:\Users\Jimbles\AppData\Local\Temp\VMBuilds\WaveformGeneratorDDS\arduino_due_x_dbg\Release/core.a(USARTClass.cpp.o)
                0x0009e3c0                vtable for USARTClass
 .rodata.STRING_PRODUCT
                0x0009e3f0        0xc C:\Users\Jimbles\AppData\Local\Temp\VMBuilds\WaveformGeneratorDDS\arduino_due_x_dbg\Release/core.a(USBCore.cpp.o)
                0x0009e3f0                STRING_PRODUCT
 .rodata.USB_DeviceDescriptor
                0x0009e3fc       0x12 C:\Users\Jimbles\AppData\Local\Temp\VMBuilds\WaveformGeneratorDDS\arduino_due_x_dbg\Release/core.a(USBCore.cpp.o)
                0x0009e3fc                USB_DeviceDescriptor
 .rodata.STRING_LANGUAGE
                0x0009e40e        0x4 C:\Users\Jimbles\AppData\Local\Temp\VMBuilds\WaveformGeneratorDDS\arduino_due_x_dbg\Release/core.a(USBCore.cpp.o)
                0x0009e40e                STRING_LANGUAGE
 .rodata._ZL18test_packet_buffer
                0x0009e412       0x35 C:\Users\Jimbles\AppData\Local\Temp\VMBuilds\WaveformGeneratorDDS\arduino_due_x_dbg\Release/core.a(USBCore.cpp.o)
 .rodata.STRING_MANUFACTURER
                0x0009e447        0xc C:\Users\Jimbles\AppData\Local\Temp\VMBuilds\WaveformGeneratorDDS\arduino_due_x_dbg\Release/core.a(USBCore.cpp.o)
                0x0009e447                STRING_MANUFACTURER
 .rodata.USB_DeviceDescriptorA
                0x0009e453       0x12 C:\Users\Jimbles\AppData\Local\Temp\VMBuilds\WaveformGeneratorDDS\arduino_due_x_dbg\Release/core.a(USBCore.cpp.o)
                0x0009e453                USB_DeviceDescriptorA
 .rodata._ZL19USB_DeviceQualifier
                0x0009e465        0x9 C:\Users\Jimbles\AppData\Local\Temp\VMBuilds\WaveformGeneratorDDS\arduino_due_x_dbg\Release/core.a(USBCore.cpp.o)
 *fill*         0x0009e46e        0x2 
 .rodata._ZTV7Serial_
                0x0009e470       0x28 C:\Users\Jimbles\AppData\Local\Temp\VMBuilds\WaveformGeneratorDDS\arduino_due_x_dbg\Release/core.a(CDC.cpp.o)
                0x0009e470                vtable for Serial_
 .rodata._ZL18_cdcOtherInterface
                0x0009e498       0x42 C:\Users\Jimbles\AppData\Local\Temp\VMBuilds\WaveformGeneratorDDS\arduino_due_x_dbg\Release/core.a(CDC.cpp.o)
 .rodata._ZL13_cdcInterface
                0x0009e4da       0x42 C:\Users\Jimbles\AppData\Local\Temp\VMBuilds\WaveformGeneratorDDS\arduino_due_x_dbg\Release/core.a(CDC.cpp.o)
 .rodata        0x0009e51c       0x2c C:\Users\Jimbles\AppData\Local\arduino15\packages\arduino\hardware\sam\1.6.11\variants\arduino_due_x/libsam_sam3x8e_gcc_rel.a(pwmc.o)
 .rodata.__func__.6830
                0x0009e548       0x15 C:\Users\Jimbles\AppData\Local\arduino15\packages\arduino\hardware\sam\1.6.11\variants\arduino_due_x/libsam_sam3x8e_gcc_rel.a(pwmc.o)
 .rodata.__func__.6841
                0x0009e55d       0x12 C:\Users\Jimbles\AppData\Local\arduino15\packages\arduino\hardware\sam\1.6.11\variants\arduino_due_x/libsam_sam3x8e_gcc_rel.a(pwmc.o)
 .rodata.str1.1
                0x0009e56f      0x1cc C:\Users\Jimbles\AppData\Local\arduino15\packages\arduino\hardware\sam\1.6.11\variants\arduino_due_x/libsam_sam3x8e_gcc_rel.a(pwmc.o)
 .rodata.__func__.6804
                0x0009e73b       0x16 C:\Users\Jimbles\AppData\Local\arduino15\packages\arduino\hardware\sam\1.6.11\variants\arduino_due_x/libsam_sam3x8e_gcc_rel.a(pwmc.o)
 .rodata.__func__.6793
                0x0009e751       0x17 C:\Users\Jimbles\AppData\Local\arduino15\packages\arduino\hardware\sam\1.6.11\variants\arduino_due_x/libsam_sam3x8e_gcc_rel.a(pwmc.o)
 .rodata.str1.4
                0x0009e768       0x3f c:/users/jimbles/appdata/local/arduino15/packages/arduino/tools/arm-none-eabi-gcc/4.8.3-2014q1/bin/../lib/gcc/arm-none-eabi/4.8.3/../../../../arm-none-eabi/lib/armv7-m\libg.a(lib_a-assert.o)
                                 0x44 (size before relaxing)
 *fill*         0x0009e7a7        0x1 
 .rodata.str1.4
                0x0009e7a8        0x2 c:/users/jimbles/appdata/local/arduino15/packages/arduino/tools/arm-none-eabi-gcc/4.8.3-2014q1/bin/../lib/gcc/arm-none-eabi/4.8.3/../../../../arm-none-eabi/lib/armv7-m\libg.a(lib_a-impure.o)
                                  0x4 (size before relaxing)
 *fill*         0x0009e7aa        0x2 
 .rodata._global_impure_ptr
                0x0009e7ac        0x4 c:/users/jimbles/appdata/local/arduino15/packages/arduino/tools/arm-none-eabi-gcc/4.8.3-2014q1/bin/../lib/gcc/arm-none-eabi/4.8.3/../../../../arm-none-eabi/lib/armv7-m\libg.a(lib_a-impure.o)
                0x0009e7ac                _global_impure_ptr
 .rodata.blanks.6717
                0x0009e7b0       0x10 c:/users/jimbles/appdata/local/arduino15/packages/arduino/tools/arm-none-eabi-gcc/4.8.3-2014q1/bin/../lib/gcc/arm-none-eabi/4.8.3/../../../../arm-none-eabi/lib/armv7-m\libg.a(lib_a-vfiprintf.o)
 .rodata.str1.4
                0x0009e7c0       0x30 c:/users/jimbles/appdata/local/arduino15/packages/arduino/tools/arm-none-eabi-gcc/4.8.3-2014q1/bin/../lib/gcc/arm-none-eabi/4.8.3/../../../../arm-none-eabi/lib/armv7-m\libg.a(lib_a-vfiprintf.o)
 .rodata.zeroes.6718
                0x0009e7f0       0x10 c:/users/jimbles/appdata/local/arduino15/packages/arduino/tools/arm-none-eabi-gcc/4.8.3-2014q1/bin/../lib/gcc/arm-none-eabi/4.8.3/../../../../arm-none-eabi/lib/armv7-m\libg.a(lib_a-vfiprintf.o)
 *(.ARM.extab* .gnu.linkonce.armextab.*)
                0x0009e800                . = ALIGN (0x4)
 *(.init)
 .init          0x0009e800        0x4 c:/users/jimbles/appdata/local/arduino15/packages/arduino/tools/arm-none-eabi-gcc/4.8.3-2014q1/bin/../lib/gcc/arm-none-eabi/4.8.3/armv7-m/crti.o
                0x0009e800                _init
 .init          0x0009e804        0x8 c:/users/jimbles/appdata/local/arduino15/packages/arduino/tools/arm-none-eabi-gcc/4.8.3-2014q1/bin/../lib/gcc/arm-none-eabi/4.8.3/armv7-m/crtn.o
                0x0009e80c                . = ALIGN (0x4)
                0x0009e80c                __preinit_array_start = .
 *(.preinit_array)
                0x0009e80c                __preinit_array_end = .
                0x0009e80c                . = ALIGN (0x4)
                0x0009e80c                __init_array_start = .
 *(SORT(.init_array.*))
 .init_array.00000
                0x0009e80c        0x4 c:/users/jimbles/appdata/local/arduino15/packages/arduino/tools/arm-none-eabi-gcc/4.8.3-2014q1/bin/../lib/gcc/arm-none-eabi/4.8.3/../../../../arm-none-eabi/lib/armv7-m\libg.a(lib_a-__call_atexit.o)
 *(.init_array)
 .init_array    0x0009e810        0x4 c:/users/jimbles/appdata/local/arduino15/packages/arduino/tools/arm-none-eabi-gcc/4.8.3-2014q1/bin/../lib/gcc/arm-none-eabi/4.8.3/armv7-m/crtbegin.o
 .init_array    0x0009e814        0x4 C:\Users\Jimbles\AppData\Local\Temp\VMBuilds\WaveformGeneratorDDS\arduino_due_x_dbg\Release\WaveformGeneratorDDS.cpp.o
 .init_array    0x0009e818        0x4 C:\Users\Jimbles\AppData\Local\Temp\VMBuilds\WaveformGeneratorDDS\arduino_due_x_dbg\Release\variant\variant.cpp.o
 .init_array    0x0009e81c        0x4 C:\Users\Jimbles\AppData\Local\Temp\VMBuilds\WaveformGeneratorDDS\arduino_due_x_dbg\Release/core.a(USBCore.cpp.o)
 .init_array    0x0009e820        0x4 C:\Users\Jimbles\AppData\Local\Temp\VMBuilds\WaveformGeneratorDDS\arduino_due_x_dbg\Release/core.a(CDC.cpp.o)
                0x0009e824                __init_array_end = .
                0x0009e824                . = ALIGN (0x4)
 *crtbegin.o(.ctors)
 *(EXCLUDE_FILE(*crtend.o) .ctors)
 *(SORT(.ctors.*))
 *crtend.o(.ctors)
                0x0009e824                . = ALIGN (0x4)
 *(.fini)
 .fini          0x0009e824        0x4 c:/users/jimbles/appdata/local/arduino15/packages/arduino/tools/arm-none-eabi-gcc/4.8.3-2014q1/bin/../lib/gcc/arm-none-eabi/4.8.3/armv7-m/crti.o
                0x0009e824                _fini
 .fini          0x0009e828        0x8 c:/users/jimbles/appdata/local/arduino15/packages/arduino/tools/arm-none-eabi-gcc/4.8.3-2014q1/bin/../lib/gcc/arm-none-eabi/4.8.3/armv7-m/crtn.o
                0x0009e830                . = ALIGN (0x4)
                0x0009e830                __fini_array_start = .
 *(.fini_array)
 .fini_array    0x0009e830        0x4 c:/users/jimbles/appdata/local/arduino15/packages/arduino/tools/arm-none-eabi-gcc/4.8.3-2014q1/bin/../lib/gcc/arm-none-eabi/4.8.3/armv7-m/crtbegin.o
 *(SORT(.fini_array.*))
                0x0009e834                __fini_array_end = .
 *crtbegin.o(.dtors)
 *(EXCLUDE_FILE(*crtend.o) .dtors)
 *(SORT(.dtors.*))
 *crtend.o(.dtors)
                0x0009e834                . = ALIGN (0x4)
                0x0009e834                _efixed = .
                0x0009e834                PROVIDE (__exidx_start, .)

.vfp11_veneer   0x0009e834        0x0
 .vfp11_veneer  0x00000000        0x0 linker stubs

.v4_bx          0x0009e834        0x0
 .v4_bx         0x00000000        0x0 linker stubs

.iplt           0x0009e834        0x0
 .iplt          0x00000000        0x0 c:/users/jimbles/appdata/local/arduino15/packages/arduino/tools/arm-none-eabi-gcc/4.8.3-2014q1/bin/../lib/gcc/arm-none-eabi/4.8.3/armv7-m/crtbegin.o

.ARM.exidx      0x0009e834        0x8
 *(.ARM.exidx* .gnu.linkonce.armexidx.*)
 .ARM.exidx     0x0009e834        0x8 c:/users/jimbles/appdata/local/arduino15/packages/arduino/tools/arm-none-eabi-gcc/4.8.3-2014q1/bin/../lib/gcc/arm-none-eabi/4.8.3/armv7-m\libgcc.a(_divdi3.o)
 .ARM.exidx     0x0009e83c        0x0 c:/users/jimbles/appdata/local/arduino15/packages/arduino/tools/arm-none-eabi-gcc/4.8.3-2014q1/bin/../lib/gcc/arm-none-eabi/4.8.3/armv7-m\libgcc.a(_udivdi3.o)
                                  0x8 (size before relaxing)
                0x0009e83c                PROVIDE (__exidx_end, .)

.eh_frame       0x0009e83c        0x0
 .eh_frame      0x0009e83c        0x0 c:/users/jimbles/appdata/local/arduino15/packages/arduino/tools/arm-none-eabi-gcc/4.8.3-2014q1/bin/../lib/gcc/arm-none-eabi/4.8.3/armv7-m/crtbegin.o

.rel.dyn        0x0009e83c        0x0
 .rel.iplt      0x00000000        0x0 c:/users/jimbles/appdata/local/arduino15/packages/arduino/tools/arm-none-eabi-gcc/4.8.3-2014q1/bin/../lib/gcc/arm-none-eabi/4.8.3/armv7-m/crtbegin.o

.jcr            0x0009e83c        0x0
 .jcr           0x0009e83c        0x0 c:/users/jimbles/appdata/local/arduino15/packages/arduino/tools/arm-none-eabi-gcc/4.8.3-2014q1/bin/../lib/gcc/arm-none-eabi/4.8.3/armv7-m/crtbegin.o

.igot.plt       0x0009e83c        0x0
 .igot.plt      0x00000000        0x0 c:/users/jimbles/appdata/local/arduino15/packages/arduino/tools/arm-none-eabi-gcc/4.8.3-2014q1/bin/../lib/gcc/arm-none-eabi/4.8.3/armv7-m/crtbegin.o
                0x0009e83c                . = ALIGN (0x4)
                0x0009e83c                _etext = .

.relocate       0x20070000      0x8d4 load address 0x0009e83c
                0x20070000                . = ALIGN (0x4)
                0x20070000                _srelocate = .
 *(.ramfunc .ramfunc.*)
 .ramfunc       0x20070000       0x2c C:\Users\Jimbles\AppData\Local\Temp\VMBuilds\WaveformGeneratorDDS\arduino_due_x_dbg\Release/core.a(Reset.cpp.o)
                0x20070000                banzai
 *(.data .data.*)
 .data.SystemCoreClock
                0x2007002c        0x4 C:\Users\Jimbles\AppData\Local\arduino15\packages\arduino\hardware\sam\1.6.11\variants\arduino_due_x/libsam_sam3x8e_gcc_rel.a(system_sam3xa.o)
                0x2007002c                SystemCoreClock
 .data._writeResolution
                0x20070030        0x4 C:\Users\Jimbles\AppData\Local\Temp\VMBuilds\WaveformGeneratorDDS\arduino_due_x_dbg\Release/core.a(wiring_analog.c.o)
 .data._ZL5ticks
                0x20070034        0x4 C:\Users\Jimbles\AppData\Local\Temp\VMBuilds\WaveformGeneratorDDS\arduino_due_x_dbg\Release/core.a(Reset.cpp.o)
 .data.EndPoints
                0x20070038       0x28 C:\Users\Jimbles\AppData\Local\Temp\VMBuilds\WaveformGeneratorDDS\arduino_due_x_dbg\Release/core.a(USBCore.cpp.o)
                0x20070038                EndPoints
 .data._ZL10breakValue
                0x20070060        0x4 C:\Users\Jimbles\AppData\Local\Temp\VMBuilds\WaveformGeneratorDDS\arduino_due_x_dbg\Release/core.a(CDC.cpp.o)
 .data._ZL12_usbLineInfo
                0x20070064        0x8 C:\Users\Jimbles\AppData\Local\Temp\VMBuilds\WaveformGeneratorDDS\arduino_due_x_dbg\Release/core.a(CDC.cpp.o)
 .data.g_interrupt_enabled
                0x2007006c        0x4 C:\Users\Jimbles\AppData\Local\arduino15\packages\arduino\hardware\sam\1.6.11\variants\arduino_due_x/libsam_sam3x8e_gcc_rel.a(interrupt_sam_nvic.o)
                0x2007006c                g_interrupt_enabled
 .data.impure_data
                0x20070070      0x428 c:/users/jimbles/appdata/local/arduino15/packages/arduino/tools/arm-none-eabi-gcc/4.8.3-2014q1/bin/../lib/gcc/arm-none-eabi/4.8.3/../../../../arm-none-eabi/lib/armv7-m\libg.a(lib_a-impure.o)
 .data._impure_ptr
                0x20070498        0x4 c:/users/jimbles/appdata/local/arduino15/packages/arduino/tools/arm-none-eabi-gcc/4.8.3-2014q1/bin/../lib/gcc/arm-none-eabi/4.8.3/../../../../arm-none-eabi/lib/armv7-m\libg.a(lib_a-impure.o)
                0x20070498                _impure_ptr
 .data.lc_ctype_charset
                0x2007049c       0x20 c:/users/jimbles/appdata/local/arduino15/packages/arduino/tools/arm-none-eabi-gcc/4.8.3-2014q1/bin/../lib/gcc/arm-none-eabi/4.8.3/../../../../arm-none-eabi/lib/armv7-m\libg.a(lib_a-locale.o)
 .data.__mb_cur_max
                0x200704bc        0x4 c:/users/jimbles/appdata/local/arduino15/packages/arduino/tools/arm-none-eabi-gcc/4.8.3-2014q1/bin/../lib/gcc/arm-none-eabi/4.8.3/../../../../arm-none-eabi/lib/armv7-m\libg.a(lib_a-locale.o)
                0x200704bc                __mb_cur_max
 .data.__malloc_av_
                0x200704c0      0x408 c:/users/jimbles/appdata/local/arduino15/packages/arduino/tools/arm-none-eabi-gcc/4.8.3-2014q1/bin/../lib/gcc/arm-none-eabi/4.8.3/../../../../arm-none-eabi/lib/armv7-m\libg.a(lib_a-mallocr.o)
                0x200704c0                __malloc_av_
 .data.__malloc_trim_threshold
                0x200708c8        0x4 c:/users/jimbles/appdata/local/arduino15/packages/arduino/tools/arm-none-eabi-gcc/4.8.3-2014q1/bin/../lib/gcc/arm-none-eabi/4.8.3/../../../../arm-none-eabi/lib/armv7-m\libg.a(lib_a-mallocr.o)
                0x200708c8                __malloc_trim_threshold
 .data.__malloc_sbrk_base
                0x200708cc        0x4 c:/users/jimbles/appdata/local/arduino15/packages/arduino/tools/arm-none-eabi-gcc/4.8.3-2014q1/bin/../lib/gcc/arm-none-eabi/4.8.3/../../../../arm-none-eabi/lib/armv7-m\libg.a(lib_a-mallocr.o)
                0x200708cc                __malloc_sbrk_base
 .data.__wctomb
                0x200708d0        0x4 c:/users/jimbles/appdata/local/arduino15/packages/arduino/tools/arm-none-eabi-gcc/4.8.3-2014q1/bin/../lib/gcc/arm-none-eabi/4.8.3/../../../../arm-none-eabi/lib/armv7-m\libg.a(lib_a-wctomb_r.o)
                0x200708d0                __wctomb
                0x200708d4                . = ALIGN (0x4)
                0x200708d4                _erelocate = .

.bss            0x200708d4      0x83c load address 0x0009f110
                0x200708d4                . = ALIGN (0x4)
                0x200708d4                _sbss = .
                0x200708d4                _szero = .
 *(.bss .bss.*)
 .bss           0x200708d4       0x1c c:/users/jimbles/appdata/local/arduino15/packages/arduino/tools/arm-none-eabi-gcc/4.8.3-2014q1/bin/../lib/gcc/arm-none-eabi/4.8.3/armv7-m/crtbegin.o
 .bss.dacout    0x200708f0        0x4 C:\Users\Jimbles\AppData\Local\Temp\VMBuilds\WaveformGeneratorDDS\arduino_due_x_dbg\Release\WaveformGeneratorDDS.cpp.o
                0x200708f0                dacout
 .bss.iSample   0x200708f4        0x4 C:\Users\Jimbles\AppData\Local\Temp\VMBuilds\WaveformGeneratorDDS\arduino_due_x_dbg\Release\WaveformGeneratorDDS.cpp.o
                0x200708f4                iSample
 .bss.tx_buffer2
                0x200708f8       0x88 C:\Users\Jimbles\AppData\Local\Temp\VMBuilds\WaveformGeneratorDDS\arduino_due_x_dbg\Release\variant\variant.cpp.o
                0x200708f8                tx_buffer2
 .bss.tx_buffer1
                0x20070980       0x88 C:\Users\Jimbles\AppData\Local\Temp\VMBuilds\WaveformGeneratorDDS\arduino_due_x_dbg\Release\variant\variant.cpp.o
                0x20070980                tx_buffer1
 .bss.Serial    0x20070a08       0x24 C:\Users\Jimbles\AppData\Local\Temp\VMBuilds\WaveformGeneratorDDS\arduino_due_x_dbg\Release\variant\variant.cpp.o
                0x20070a08                Serial
 .bss.rx_buffer1
                0x20070a2c       0x88 C:\Users\Jimbles\AppData\Local\Temp\VMBuilds\WaveformGeneratorDDS\arduino_due_x_dbg\Release\variant\variant.cpp.o
                0x20070a2c                rx_buffer1
 .bss.Serial1   0x20070ab4       0x28 C:\Users\Jimbles\AppData\Local\Temp\VMBuilds\WaveformGeneratorDDS\arduino_due_x_dbg\Release\variant\variant.cpp.o
                0x20070ab4                Serial1
 .bss.Serial2   0x20070adc       0x28 C:\Users\Jimbles\AppData\Local\Temp\VMBuilds\WaveformGeneratorDDS\arduino_due_x_dbg\Release\variant\variant.cpp.o
                0x20070adc                Serial2
 .bss.Serial3   0x20070b04       0x28 C:\Users\Jimbles\AppData\Local\Temp\VMBuilds\WaveformGeneratorDDS\arduino_due_x_dbg\Release\variant\variant.cpp.o
                0x20070b04                Serial3
 .bss.tx_buffer3
                0x20070b2c       0x88 C:\Users\Jimbles\AppData\Local\Temp\VMBuilds\WaveformGeneratorDDS\arduino_due_x_dbg\Release\variant\variant.cpp.o
                0x20070b2c                tx_buffer3
 .bss.tx_buffer4
                0x20070bb4       0x88 C:\Users\Jimbles\AppData\Local\Temp\VMBuilds\WaveformGeneratorDDS\arduino_due_x_dbg\Release\variant\variant.cpp.o
                0x20070bb4                tx_buffer4
 .bss.g_pinStatus
                0x20070c3c       0x4f C:\Users\Jimbles\AppData\Local\Temp\VMBuilds\WaveformGeneratorDDS\arduino_due_x_dbg\Release\variant\variant.cpp.o
                0x20070c3c                g_pinStatus
 *fill*         0x20070c8b        0x1 
 .bss.rx_buffer2
                0x20070c8c       0x88 C:\Users\Jimbles\AppData\Local\Temp\VMBuilds\WaveformGeneratorDDS\arduino_due_x_dbg\Release\variant\variant.cpp.o
                0x20070c8c                rx_buffer2
 .bss.rx_buffer3
                0x20070d14       0x88 C:\Users\Jimbles\AppData\Local\Temp\VMBuilds\WaveformGeneratorDDS\arduino_due_x_dbg\Release\variant\variant.cpp.o
                0x20070d14                rx_buffer3
 .bss.rx_buffer4
                0x20070d9c       0x88 C:\Users\Jimbles\AppData\Local\Temp\VMBuilds\WaveformGeneratorDDS\arduino_due_x_dbg\Release\variant\variant.cpp.o
                0x20070d9c                rx_buffer4
 .bss.gpf_isr   0x20070e24        0x4 C:\Users\Jimbles\AppData\Local\arduino15\packages\arduino\hardware\sam\1.6.11\variants\arduino_due_x/libsam_sam3x8e_gcc_rel.a(uotghs.o)
                0x20070e24                gpf_isr
 .bss.heap.6420
                0x20070e28        0x4 C:\Users\Jimbles\AppData\Local\Temp\VMBuilds\WaveformGeneratorDDS\arduino_due_x_dbg\Release/core.a(syscalls_sam3.c.o)
 .bss.PWMEnabled
                0x20070e2c        0x1 C:\Users\Jimbles\AppData\Local\Temp\VMBuilds\WaveformGeneratorDDS\arduino_due_x_dbg\Release/core.a(wiring_analog.c.o)
 .bss.TCChanEnabled
                0x20070e2d        0x9 C:\Users\Jimbles\AppData\Local\Temp\VMBuilds\WaveformGeneratorDDS\arduino_due_x_dbg\Release/core.a(wiring_analog.c.o)
 .bss._cmark    0x20070e36        0x2 C:\Users\Jimbles\AppData\Local\Temp\VMBuilds\WaveformGeneratorDDS\arduino_due_x_dbg\Release/core.a(USBCore.cpp.o)
                0x20070e36                _cmark
 .bss._ZL14isEndpointHalt
                0x20070e38        0x1 C:\Users\Jimbles\AppData\Local\Temp\VMBuilds\WaveformGeneratorDDS\arduino_due_x_dbg\Release/core.a(USBCore.cpp.o)
 *fill*         0x20070e39        0x3 
 .bss._cdcComposite
                0x20070e3c        0x4 C:\Users\Jimbles\AppData\Local\Temp\VMBuilds\WaveformGeneratorDDS\arduino_due_x_dbg\Release/core.a(USBCore.cpp.o)
                0x20070e3c                _cdcComposite
 .bss._ZL21isRemoteWakeUpEnabled
                0x20070e40        0x1 C:\Users\Jimbles\AppData\Local\Temp\VMBuilds\WaveformGeneratorDDS\arduino_due_x_dbg\Release/core.a(USBCore.cpp.o)
 *fill*         0x20070e41        0x3 
 .bss._usbInitialized
                0x20070e44        0x4 C:\Users\Jimbles\AppData\Local\Temp\VMBuilds\WaveformGeneratorDDS\arduino_due_x_dbg\Release/core.a(USBCore.cpp.o)
                0x20070e44                _usbInitialized
 .bss.USBDevice
                0x20070e48        0x1 C:\Users\Jimbles\AppData\Local\Temp\VMBuilds\WaveformGeneratorDDS\arduino_due_x_dbg\Release/core.a(USBCore.cpp.o)
                0x20070e48                USBDevice
 *fill*         0x20070e49        0x3 
 .bss._usbSetInterface
                0x20070e4c        0x4 C:\Users\Jimbles\AppData\Local\Temp\VMBuilds\WaveformGeneratorDDS\arduino_due_x_dbg\Release/core.a(USBCore.cpp.o)
                0x20070e4c                _usbSetInterface
 .bss._cend     0x20070e50        0x2 C:\Users\Jimbles\AppData\Local\Temp\VMBuilds\WaveformGeneratorDDS\arduino_due_x_dbg\Release/core.a(USBCore.cpp.o)
                0x20070e50                _cend
 *fill*         0x20070e52        0x2 
 .bss._usbConfiguration
                0x20070e54        0x4 C:\Users\Jimbles\AppData\Local\Temp\VMBuilds\WaveformGeneratorDDS\arduino_due_x_dbg\Release/core.a(USBCore.cpp.o)
                0x20070e54                _usbConfiguration
 .bss.cdc_rx_buffer
                0x20070e58      0x208 C:\Users\Jimbles\AppData\Local\Temp\VMBuilds\WaveformGeneratorDDS\arduino_due_x_dbg\Release/core.a(CDC.cpp.o)
                0x20070e58                cdc_rx_buffer
 .bss._ZZN7Serial_6acceptEvE5guard
                0x20071060        0x4 C:\Users\Jimbles\AppData\Local\Temp\VMBuilds\WaveformGeneratorDDS\arduino_due_x_dbg\Release/core.a(CDC.cpp.o)
 .bss.SerialUSB
                0x20071064       0x14 C:\Users\Jimbles\AppData\Local\Temp\VMBuilds\WaveformGeneratorDDS\arduino_due_x_dbg\Release/core.a(CDC.cpp.o)
                0x20071064                SerialUSB
 .bss._ZZ12PluggableUSBvE3obj
                0x20071078        0x8 C:\Users\Jimbles\AppData\Local\Temp\VMBuilds\WaveformGeneratorDDS\arduino_due_x_dbg\Release/core.a(PluggableUSB.cpp.o)
 .bss._ZGVZ12PluggableUSBvE3obj
                0x20071080        0x4 C:\Users\Jimbles\AppData\Local\Temp\VMBuilds\WaveformGeneratorDDS\arduino_due_x_dbg\Release/core.a(PluggableUSB.cpp.o)
 .bss._dwTickCount
                0x20071084        0x4 C:\Users\Jimbles\AppData\Local\arduino15\packages\arduino\hardware\sam\1.6.11\variants\arduino_due_x/libsam_sam3x8e_gcc_rel.a(timetick.o)
 .bss.ul_recv_fifo_ptr
                0x20071088       0x28 C:\Users\Jimbles\AppData\Local\arduino15\packages\arduino\hardware\sam\1.6.11\variants\arduino_due_x/libsam_sam3x8e_gcc_rel.a(uotghs_device.o)
 .bss.ul_send_fifo_ptr
                0x200710b0       0x28 C:\Users\Jimbles\AppData\Local\arduino15\packages\arduino\hardware\sam\1.6.11\variants\arduino_due_x/libsam_sam3x8e_gcc_rel.a(uotghs_device.o)
 .bss.__malloc_max_total_mem
                0x200710d8        0x4 c:/users/jimbles/appdata/local/arduino15/packages/arduino/tools/arm-none-eabi-gcc/4.8.3-2014q1/bin/../lib/gcc/arm-none-eabi/4.8.3/../../../../arm-none-eabi/lib/armv7-m\libg.a(lib_a-mallocr.o)
                0x200710d8                __malloc_max_total_mem
 .bss.__malloc_max_sbrked_mem
                0x200710dc        0x4 c:/users/jimbles/appdata/local/arduino15/packages/arduino/tools/arm-none-eabi-gcc/4.8.3-2014q1/bin/../lib/gcc/arm-none-eabi/4.8.3/../../../../arm-none-eabi/lib/armv7-m\libg.a(lib_a-mallocr.o)
                0x200710dc                __malloc_max_sbrked_mem
 .bss.__malloc_top_pad
                0x200710e0        0x4 c:/users/jimbles/appdata/local/arduino15/packages/arduino/tools/arm-none-eabi-gcc/4.8.3-2014q1/bin/../lib/gcc/arm-none-eabi/4.8.3/../../../../arm-none-eabi/lib/armv7-m\libg.a(lib_a-mallocr.o)
                0x200710e0                __malloc_top_pad
 .bss.__malloc_current_mallinfo
                0x200710e4       0x28 c:/users/jimbles/appdata/local/arduino15/packages/arduino/tools/arm-none-eabi-gcc/4.8.3-2014q1/bin/../lib/gcc/arm-none-eabi/4.8.3/../../../../arm-none-eabi/lib/armv7-m\libg.a(lib_a-mallocr.o)
                0x200710e4                __malloc_current_mallinfo
 *(COMMON)
 COMMON         0x2007110c        0x4 c:/users/jimbles/appdata/local/arduino15/packages/arduino/tools/arm-none-eabi-gcc/4.8.3-2014q1/bin/../lib/gcc/arm-none-eabi/4.8.3/../../../../arm-none-eabi/lib/armv7-m\libg.a(lib_a-reent.o)
                0x2007110c                errno
                0x20071110                . = ALIGN (0x4)
                0x20071110                _ebss = .
                0x20071110                _ezero = .
                0x20071110                . = ALIGN (0x4)
                0x20071110                _end = .

.stack_dummy    0x20071110        0x0
 *(.stack*)
                0x20088000                __StackTop = (ORIGIN (ram) + 0x18000)
                0x20088000                __StackLimit = (__StackTop - SIZEOF (.stack_dummy))
                0x20088000                PROVIDE (_sstack, __StackLimit)
                0x20088000                PROVIDE (_estack, __StackTop)
OUTPUT(C:\Users\Jimbles\AppData\Local\Temp\VMBuilds\WaveformGeneratorDDS\arduino_due_x_dbg\Release/WaveformGeneratorDDS.ino.elf elf32-littlearm)

.ARM.attributes
                0x00000000       0x29
 .ARM.attributes
                0x00000000       0x1d c:/users/jimbles/appdata/local/arduino15/packages/arduino/tools/arm-none-eabi-gcc/4.8.3-2014q1/bin/../lib/gcc/arm-none-eabi/4.8.3/armv7-m/crti.o
 .ARM.attributes
                0x0000001d       0x2d c:/users/jimbles/appdata/local/arduino15/packages/arduino/tools/arm-none-eabi-gcc/4.8.3-2014q1/bin/../lib/gcc/arm-none-eabi/4.8.3/armv7-m/crtbegin.o
 .ARM.attributes
                0x0000004a       0x33 C:\Users\Jimbles\AppData\Local\Temp\VMBuilds\WaveformGeneratorDDS\arduino_due_x_dbg\Release\WaveformGeneratorDDS.cpp.o
 .ARM.attributes
                0x0000007d       0x33 C:\Users\Jimbles\AppData\Local\Temp\VMBuilds\WaveformGeneratorDDS\arduino_due_x_dbg\Release\variant\variant.cpp.o
 .ARM.attributes
                0x000000b0       0x33 C:\Users\Jimbles\AppData\Local\arduino15\packages\arduino\hardware\sam\1.6.11\variants\arduino_due_x/libsam_sam3x8e_gcc_rel.a(pio.o)
 .ARM.attributes
                0x000000e3       0x33 C:\Users\Jimbles\AppData\Local\arduino15\packages\arduino\hardware\sam\1.6.11\variants\arduino_due_x/libsam_sam3x8e_gcc_rel.a(pmc.o)
 .ARM.attributes
                0x00000116       0x33 C:\Users\Jimbles\AppData\Local\arduino15\packages\arduino\hardware\sam\1.6.11\variants\arduino_due_x/libsam_sam3x8e_gcc_rel.a(tc.o)
 .ARM.attributes
                0x00000149       0x33 C:\Users\Jimbles\AppData\Local\arduino15\packages\arduino\hardware\sam\1.6.11\variants\arduino_due_x/libsam_sam3x8e_gcc_rel.a(system_sam3xa.o)
 .ARM.attributes
                0x0000017c       0x33 C:\Users\Jimbles\AppData\Local\arduino15\packages\arduino\hardware\sam\1.6.11\variants\arduino_due_x/libsam_sam3x8e_gcc_rel.a(startup_sam3xa.o)
 .ARM.attributes
                0x000001af       0x33 C:\Users\Jimbles\AppData\Local\arduino15\packages\arduino\hardware\sam\1.6.11\variants\arduino_due_x/libsam_sam3x8e_gcc_rel.a(adc.o)
 .ARM.attributes
                0x000001e2       0x33 C:\Users\Jimbles\AppData\Local\arduino15\packages\arduino\hardware\sam\1.6.11\variants\arduino_due_x/libsam_sam3x8e_gcc_rel.a(uotghs.o)
 .ARM.attributes
                0x00000215       0x33 C:\Users\Jimbles\AppData\Local\arduino15\packages\arduino\hardware\sam\1.6.11\variants\arduino_due_x/libsam_sam3x8e_gcc_rel.a(dacc.o)
 .ARM.attributes
                0x00000248       0x33 C:\Users\Jimbles\AppData\Local\Temp\VMBuilds\WaveformGeneratorDDS\arduino_due_x_dbg\Release/core.a(cortex_handlers.c.o)